Archive member included to satisfy reference by file (symbol)

C:/Renesas/RA/e2studio_v2025-04.1_fsp_v6.0.0/toolchains/gcc_arm/13.2.rel1/bin/../lib/gcc/arm-none-eabi/13.2.1/thumb/v8-m.base/nofp\libgcc.a(_thumb1_case_uqi.o)
                              ./src/i2c_slave_thread_entry.o (__gnu_thumb1_case_uqi)
C:/Renesas/RA/e2studio_v2025-04.1_fsp_v6.0.0/toolchains/gcc_arm/13.2.rel1/bin/../lib/gcc/arm-none-eabi/13.2.1/thumb/v8-m.base/nofp\libgcc.a(_thumb1_case_shi.o)
                              ./src/SEGGER_RTT/SEGGER_RTT_printf.o (__gnu_thumb1_case_shi)
C:/Renesas/RA/e2studio_v2025-04.1_fsp_v6.0.0/toolchains/gcc_arm/13.2.rel1/bin/../lib/gcc/arm-none-eabi/13.2.1/thumb/v8-m.base/nofp\libgcc.a(_clzsi2.o)
                              ./ra/microsoft/azure-rtos/threadx/common/src/tx_thread_system_suspend.o (__clzsi2)
C:/Renesas/RA/e2studio_v2025-04.1_fsp_v6.0.0/toolchains/gcc_arm/13.2.rel1/bin/../lib/gcc/arm-none-eabi/13.2.1/thumb/v8-m.base/nofp\libgcc.a(_muldi3.o)
                              ./ra/fsp/src/bsp/mcu/all/bsp_delay.o (__aeabi_lmul)
C:/Renesas/RA/e2studio_v2025-04.1_fsp_v6.0.0/toolchains/gcc_arm/13.2.rel1/bin/../lib/gcc/arm-none-eabi/13.2.1/thumb/v8-m.base/nofp\libg_nano.a(libc_a-exit.o)
                              C:/Renesas/RA/e2studio_v2025-04.1_fsp_v6.0.0/toolchains/gcc_arm/13.2.rel1/bin/../lib/gcc/arm-none-eabi/13.2.1/thumb/v8-m.base/nofp/crt0.o (exit)
C:/Renesas/RA/e2studio_v2025-04.1_fsp_v6.0.0/toolchains/gcc_arm/13.2.rel1/bin/../lib/gcc/arm-none-eabi/13.2.1/thumb/v8-m.base/nofp\libg_nano.a(libc_a-findfp.o)
                              C:/Renesas/RA/e2studio_v2025-04.1_fsp_v6.0.0/toolchains/gcc_arm/13.2.rel1/bin/../lib/gcc/arm-none-eabi/13.2.1/thumb/v8-m.base/nofp\libg_nano.a(libc_a-exit.o) (__stdio_exit_handler)
C:/Renesas/RA/e2studio_v2025-04.1_fsp_v6.0.0/toolchains/gcc_arm/13.2.rel1/bin/../lib/gcc/arm-none-eabi/13.2.1/thumb/v8-m.base/nofp\libg_nano.a(libc_a-fwalk.o)
                              C:/Renesas/RA/e2studio_v2025-04.1_fsp_v6.0.0/toolchains/gcc_arm/13.2.rel1/bin/../lib/gcc/arm-none-eabi/13.2.1/thumb/v8-m.base/nofp\libg_nano.a(libc_a-findfp.o) (_fwalk_sglue)
C:/Renesas/RA/e2studio_v2025-04.1_fsp_v6.0.0/toolchains/gcc_arm/13.2.rel1/bin/../lib/gcc/arm-none-eabi/13.2.1/thumb/v8-m.base/nofp\libg_nano.a(libc_a-stdio.o)
                              C:/Renesas/RA/e2studio_v2025-04.1_fsp_v6.0.0/toolchains/gcc_arm/13.2.rel1/bin/../lib/gcc/arm-none-eabi/13.2.1/thumb/v8-m.base/nofp\libg_nano.a(libc_a-findfp.o) (__sread)
C:/Renesas/RA/e2studio_v2025-04.1_fsp_v6.0.0/toolchains/gcc_arm/13.2.rel1/bin/../lib/gcc/arm-none-eabi/13.2.1/thumb/v8-m.base/nofp\libg_nano.a(libc_a-memset.o)
                              C:/Renesas/RA/e2studio_v2025-04.1_fsp_v6.0.0/toolchains/gcc_arm/13.2.rel1/bin/../lib/gcc/arm-none-eabi/13.2.1/thumb/v8-m.base/nofp/crt0.o (memset)
C:/Renesas/RA/e2studio_v2025-04.1_fsp_v6.0.0/toolchains/gcc_arm/13.2.rel1/bin/../lib/gcc/arm-none-eabi/13.2.1/thumb/v8-m.base/nofp\libg_nano.a(libc_a-closer.o)
                              C:/Renesas/RA/e2studio_v2025-04.1_fsp_v6.0.0/toolchains/gcc_arm/13.2.rel1/bin/../lib/gcc/arm-none-eabi/13.2.1/thumb/v8-m.base/nofp\libg_nano.a(libc_a-stdio.o) (_close_r)
C:/Renesas/RA/e2studio_v2025-04.1_fsp_v6.0.0/toolchains/gcc_arm/13.2.rel1/bin/../lib/gcc/arm-none-eabi/13.2.1/thumb/v8-m.base/nofp\libg_nano.a(libc_a-reent.o)
                              C:/Renesas/RA/e2studio_v2025-04.1_fsp_v6.0.0/toolchains/gcc_arm/13.2.rel1/bin/../lib/gcc/arm-none-eabi/13.2.1/thumb/v8-m.base/nofp\libg_nano.a(libc_a-closer.o) (errno)
C:/Renesas/RA/e2studio_v2025-04.1_fsp_v6.0.0/toolchains/gcc_arm/13.2.rel1/bin/../lib/gcc/arm-none-eabi/13.2.1/thumb/v8-m.base/nofp\libg_nano.a(libc_a-impure.o)
                              C:/Renesas/RA/e2studio_v2025-04.1_fsp_v6.0.0/toolchains/gcc_arm/13.2.rel1/bin/../lib/gcc/arm-none-eabi/13.2.1/thumb/v8-m.base/nofp\libg_nano.a(libc_a-reent.o) (_impure_ptr)
C:/Renesas/RA/e2studio_v2025-04.1_fsp_v6.0.0/toolchains/gcc_arm/13.2.rel1/bin/../lib/gcc/arm-none-eabi/13.2.1/thumb/v8-m.base/nofp\libg_nano.a(libc_a-lseekr.o)
                              C:/Renesas/RA/e2studio_v2025-04.1_fsp_v6.0.0/toolchains/gcc_arm/13.2.rel1/bin/../lib/gcc/arm-none-eabi/13.2.1/thumb/v8-m.base/nofp\libg_nano.a(libc_a-stdio.o) (_lseek_r)
C:/Renesas/RA/e2studio_v2025-04.1_fsp_v6.0.0/toolchains/gcc_arm/13.2.rel1/bin/../lib/gcc/arm-none-eabi/13.2.1/thumb/v8-m.base/nofp\libg_nano.a(libc_a-readr.o)
                              C:/Renesas/RA/e2studio_v2025-04.1_fsp_v6.0.0/toolchains/gcc_arm/13.2.rel1/bin/../lib/gcc/arm-none-eabi/13.2.1/thumb/v8-m.base/nofp\libg_nano.a(libc_a-stdio.o) (_read_r)
C:/Renesas/RA/e2studio_v2025-04.1_fsp_v6.0.0/toolchains/gcc_arm/13.2.rel1/bin/../lib/gcc/arm-none-eabi/13.2.1/thumb/v8-m.base/nofp\libg_nano.a(libc_a-writer.o)
                              C:/Renesas/RA/e2studio_v2025-04.1_fsp_v6.0.0/toolchains/gcc_arm/13.2.rel1/bin/../lib/gcc/arm-none-eabi/13.2.1/thumb/v8-m.base/nofp\libg_nano.a(libc_a-stdio.o) (_write_r)
[...]
Memory Configuration

Name             Origin             Length             Attributes
RAM              0x20004000         0x00003000         xrw
FLASH            0x00000440         0x0000fbc0         xr
DATA_FLASH       0x40100000         0x00000400         xr
OPTION_SETTING_OFS0 0x00000400         0x00000004         r
OPTION_SETTING_OFS1 0x00000404         0x00000004         r
OPTION_SETTING_OSIS 0x01010018         0x00000020         r
FLASH_GAP        0x00000000         0x00000400         xr
*default*        0x00000000         0xffffffff

Linker script and memory map

LOAD C:/Renesas/RA/e2studio_v2025-04.1_fsp_v6.0.0/toolchains/gcc_arm/13.2.rel1/bin/../lib/gcc/arm-none-eabi/13.2.1/thumb/v8-m.base/nofp/crti.o
LOAD C:/Renesas/RA/e2studio_v2025-04.1_fsp_v6.0.0/toolchains/gcc_arm/13.2.rel1/bin/../lib/gcc/arm-none-eabi/13.2.1/thumb/v8-m.base/nofp/crtbegin.o
LOAD C:/Renesas/RA/e2studio_v2025-04.1_fsp_v6.0.0/toolchains/gcc_arm/13.2.rel1/bin/../lib/gcc/arm-none-eabi/13.2.1/thumb/v8-m.base/nofp/crt0.o
LOAD ./src/SEGGER_RTT/SEGGER_RTT.o
LOAD ./src/SEGGER_RTT/SEGGER_RTT_printf.o
LOAD ./src/hal_entry.o
LOAD ./src/i2c_slave_thread_entry.o
LOAD ./src/sys_thread_entry.o
LOAD ./ra_gen/common_data.o
LOAD ./ra_gen/hal_data.o
LOAD ./ra_gen/i2c_slave_thread.o
LOAD ./ra_gen/main.o
LOAD ./ra_gen/pin_data.o
LOAD ./ra_gen/sys_thread.o
LOAD ./ra_gen/vector_data.o
LOAD ./ra/microsoft/azure-rtos/threadx/common/src/tx_block_allocate.o
LOAD ./ra/microsoft/azure-rtos/threadx/common/src/tx_block_pool_cleanup.o
LOAD ./ra/microsoft/azure-rtos/threadx/common/src/tx_block_pool_create.o
LOAD ./ra/microsoft/azure-rtos/threadx/common/src/tx_block_pool_delete.o
LOAD ./ra/microsoft/azure-rtos/threadx/common/src/tx_block_pool_info_get.o
LOAD ./ra/microsoft/azure-rtos/threadx/common/src/tx_block_pool_initialize.o
LOAD ./ra/microsoft/azure-rtos/threadx/common/src/tx_block_pool_performance_info_get.o
LOAD ./ra/microsoft/azure-rtos/threadx/common/src/tx_block_pool_performance_system_info_get.o
LOAD ./ra/microsoft/azure-rtos/threadx/common/src/tx_block_pool_prioritize.o
LOAD ./ra/microsoft/azure-rtos/threadx/common/src/tx_block_release.o
LOAD ./ra/microsoft/azure-rtos/threadx/common/src/tx_byte_allocate.o
LOAD ./ra/microsoft/azure-rtos/threadx/common/src/tx_byte_pool_cleanup.o
LOAD ./ra/microsoft/azure-rtos/threadx/common/src/tx_byte_pool_create.o
LOAD ./ra/microsoft/azure-rtos/threadx/common/src/tx_byte_pool_delete.o
LOAD ./ra/microsoft/azure-rtos/threadx/common/src/tx_byte_pool_info_get.o
LOAD ./ra/microsoft/azure-rtos/threadx/common/src/tx_byte_pool_initialize.o
LOAD ./ra/microsoft/azure-rtos/threadx/common/src/tx_byte_pool_performance_info_get.o
LOAD ./ra/microsoft/azure-rtos/threadx/common/src/tx_byte_pool_performance_system_info_get.o
LOAD ./ra/microsoft/azure-rtos/threadx/common/src/tx_byte_pool_prioritize.o
LOAD ./ra/microsoft/azure-rtos/threadx/common/src/tx_byte_pool_search.o
LOAD ./ra/microsoft/azure-rtos/threadx/common/src/tx_byte_release.o
LOAD ./ra/microsoft/azure-rtos/threadx/common/src/tx_event_flags_cleanup.o
LOAD ./ra/microsoft/azure-rtos/threadx/common/src/tx_event_flags_create.o
LOAD ./ra/microsoft/azure-rtos/threadx/common/src/tx_event_flags_delete.o
LOAD ./ra/microsoft/azure-rtos/threadx/common/src/tx_event_flags_get.o
LOAD ./ra/microsoft/azure-rtos/threadx/common/src/tx_event_flags_info_get.o
LOAD ./ra/microsoft/azure-rtos/threadx/common/src/tx_event_flags_initialize.o
LOAD ./ra/microsoft/azure-rtos/threadx/common/src/tx_event_flags_performance_info_get.o
LOAD ./ra/microsoft/azure-rtos/threadx/common/src/tx_event_flags_performance_system_info_get.o
LOAD ./ra/microsoft/azure-rtos/threadx/common/src/tx_event_flags_set.o
LOAD ./ra/microsoft/azure-rtos/threadx/common/src/tx_event_flags_set_notify.o
LOAD ./ra/microsoft/azure-rtos/threadx/common/src/tx_initialize_high_level.o
LOAD ./ra/microsoft/azure-rtos/threadx/common/src/tx_initialize_kernel_enter.o
LOAD ./ra/microsoft/azure-rtos/threadx/common/src/tx_initialize_kernel_setup.o
LOAD ./ra/microsoft/azure-rtos/threadx/common/src/tx_mutex_cleanup.o
LOAD ./ra/microsoft/azure-rtos/threadx/common/src/tx_mutex_create.o
LOAD ./ra/microsoft/azure-rtos/threadx/common/src/tx_mutex_delete.o
LOAD ./ra/microsoft/azure-rtos/threadx/common/src/tx_mutex_get.o
LOAD ./ra/microsoft/azure-rtos/threadx/common/src/tx_mutex_info_get.o
LOAD ./ra/microsoft/azure-rtos/threadx/common/src/tx_mutex_initialize.o
LOAD ./ra/microsoft/azure-rtos/threadx/common/src/tx_mutex_performance_info_get.o
LOAD ./ra/microsoft/azure-rtos/threadx/common/src/tx_mutex_performance_system_info_get.o
LOAD ./ra/microsoft/azure-rtos/threadx/common/src/tx_mutex_prioritize.o
LOAD ./ra/microsoft/azure-rtos/threadx/common/src/tx_mutex_priority_change.o
LOAD ./ra/microsoft/azure-rtos/threadx/common/src/tx_mutex_put.o
LOAD ./ra/microsoft/azure-rtos/threadx/common/src/tx_queue_cleanup.o
LOAD ./ra/microsoft/azure-rtos/threadx/common/src/tx_queue_create.o
LOAD ./ra/microsoft/azure-rtos/threadx/common/src/tx_queue_delete.o
LOAD ./ra/microsoft/azure-rtos/threadx/common/src/tx_queue_flush.o
LOAD ./ra/microsoft/azure-rtos/threadx/common/src/tx_queue_front_send.o
LOAD ./ra/microsoft/azure-rtos/threadx/common/src/tx_queue_info_get.o
LOAD ./ra/microsoft/azure-rtos/threadx/common/src/tx_queue_initialize.o
LOAD ./ra/microsoft/azure-rtos/threadx/common/src/tx_queue_performance_info_get.o
LOAD ./ra/microsoft/azure-rtos/threadx/common/src/tx_queue_performance_system_info_get.o
LOAD ./ra/microsoft/azure-rtos/threadx/common/src/tx_queue_prioritize.o
LOAD ./ra/microsoft/azure-rtos/threadx/common/src/tx_queue_receive.o
LOAD ./ra/microsoft/azure-rtos/threadx/common/src/tx_queue_send.o
LOAD ./ra/microsoft/azure-rtos/threadx/common/src/tx_queue_send_notify.o
LOAD ./ra/microsoft/azure-rtos/threadx/common/src/tx_semaphore_ceiling_put.o
LOAD ./ra/microsoft/azure-rtos/threadx/common/src/tx_semaphore_cleanup.o
LOAD ./ra/microsoft/azure-rtos/threadx/common/src/tx_semaphore_create.o
LOAD ./ra/microsoft/azure-rtos/threadx/common/src/tx_semaphore_delete.o
LOAD ./ra/microsoft/azure-rtos/threadx/common/src/tx_semaphore_get.o
LOAD ./ra/microsoft/azure-rtos/threadx/common/src/tx_semaphore_info_get.o
LOAD ./ra/microsoft/azure-rtos/threadx/common/src/tx_semaphore_initialize.o
LOAD ./ra/microsoft/azure-rtos/threadx/common/src/tx_semaphore_performance_info_get.o
LOAD ./ra/microsoft/azure-rtos/threadx/common/src/tx_semaphore_performance_system_info_get.o
LOAD ./ra/microsoft/azure-rtos/threadx/common/src/tx_semaphore_prioritize.o
LOAD ./ra/microsoft/azure-rtos/threadx/common/src/tx_semaphore_put.o
LOAD ./ra/microsoft/azure-rtos/threadx/common/src/tx_semaphore_put_notify.o
LOAD ./ra/microsoft/azure-rtos/threadx/common/src/tx_thread_create.o
LOAD ./ra/microsoft/azure-rtos/threadx/common/src/tx_thread_delete.o
LOAD ./ra/microsoft/azure-rtos/threadx/common/src/tx_thread_entry_exit_notify.o
LOAD ./ra/microsoft/azure-rtos/threadx/common/src/tx_thread_identify.o
LOAD ./ra/microsoft/azure-rtos/threadx/common/src/tx_thread_info_get.o
LOAD ./ra/microsoft/azure-rtos/threadx/common/src/tx_thread_initialize.o
LOAD ./ra/microsoft/azure-rtos/threadx/common/src/tx_thread_performance_info_get.o
LOAD ./ra/microsoft/azure-rtos/threadx/common/src/tx_thread_performance_system_info_get.o
LOAD ./ra/microsoft/azure-rtos/threadx/common/src/tx_thread_preemption_change.o
LOAD ./ra/microsoft/azure-rtos/threadx/common/src/tx_thread_priority_change.o
LOAD ./ra/microsoft/azure-rtos/threadx/common/src/tx_thread_relinquish.o
LOAD ./ra/microsoft/azure-rtos/threadx/common/src/tx_thread_reset.o
LOAD ./ra/microsoft/azure-rtos/threadx/common/src/tx_thread_resume.o
LOAD ./ra/microsoft/azure-rtos/threadx/common/src/tx_thread_shell_entry.o
LOAD ./ra/microsoft/azure-rtos/threadx/common/src/tx_thread_sleep.o
LOAD ./ra/microsoft/azure-rtos/threadx/common/src/tx_thread_stack_analyze.o
LOAD ./ra/microsoft/azure-rtos/threadx/common/src/tx_thread_stack_error_handler.o
LOAD ./ra/microsoft/azure-rtos/threadx/common/src/tx_thread_stack_error_notify.o
LOAD ./ra/microsoft/azure-rtos/threadx/common/src/tx_thread_suspend.o
LOAD ./ra/microsoft/azure-rtos/threadx/common/src/tx_thread_system_preempt_check.o
LOAD ./ra/microsoft/azure-rtos/threadx/common/src/tx_thread_system_resume.o
LOAD ./ra/microsoft/azure-rtos/threadx/common/src/tx_thread_system_suspend.o
LOAD ./ra/microsoft/azure-rtos/threadx/common/src/tx_thread_terminate.o
LOAD ./ra/microsoft/azure-rtos/threadx/common/src/tx_thread_time_slice.o
LOAD ./ra/microsoft/azure-rtos/threadx/common/src/tx_thread_time_slice_change.o
LOAD ./ra/microsoft/azure-rtos/threadx/common/src/tx_thread_timeout.o
LOAD ./ra/microsoft/azure-rtos/threadx/common/src/tx_thread_wait_abort.o
LOAD ./ra/microsoft/azure-rtos/threadx/common/src/tx_time_get.o
LOAD ./ra/microsoft/azure-rtos/threadx/common/src/tx_time_set.o
LOAD ./ra/microsoft/azure-rtos/threadx/common/src/tx_timer_activate.o
LOAD ./ra/microsoft/azure-rtos/threadx/common/src/tx_timer_change.o
LOAD ./ra/microsoft/azure-rtos/threadx/common/src/tx_timer_create.o
LOAD ./ra/microsoft/azure-rtos/threadx/common/src/tx_timer_deactivate.o
LOAD ./ra/microsoft/azure-rtos/threadx/common/src/tx_timer_delete.o
LOAD ./ra/microsoft/azure-rtos/threadx/common/src/tx_timer_expiration_process.o
LOAD ./ra/microsoft/azure-rtos/threadx/common/src/tx_timer_info_get.o
LOAD ./ra/microsoft/azure-rtos/threadx/common/src/tx_timer_initialize.o
LOAD ./ra/microsoft/azure-rtos/threadx/common/src/tx_timer_performance_info_get.o
LOAD ./ra/microsoft/azure-rtos/threadx/common/src/tx_timer_performance_system_info_get.o
LOAD ./ra/microsoft/azure-rtos/threadx/common/src/tx_timer_system_activate.o
LOAD ./ra/microsoft/azure-rtos/threadx/common/src/tx_timer_system_deactivate.o
LOAD ./ra/microsoft/azure-rtos/threadx/common/src/tx_timer_thread_entry.o
LOAD ./ra/microsoft/azure-rtos/threadx/common/src/tx_trace_buffer_full_notify.o
LOAD ./ra/microsoft/azure-rtos/threadx/common/src/tx_trace_disable.o
LOAD ./ra/microsoft/azure-rtos/threadx/common/src/tx_trace_enable.o
LOAD ./ra/microsoft/azure-rtos/threadx/common/src/tx_trace_event_filter.o
LOAD ./ra/microsoft/azure-rtos/threadx/common/src/tx_trace_event_unfilter.o
LOAD ./ra/microsoft/azure-rtos/threadx/common/src/tx_trace_initialize.o
LOAD ./ra/microsoft/azure-rtos/threadx/common/src/tx_trace_interrupt_control.o
LOAD ./ra/microsoft/azure-rtos/threadx/common/src/tx_trace_isr_enter_insert.o
LOAD ./ra/microsoft/azure-rtos/threadx/common/src/tx_trace_isr_exit_insert.o
LOAD ./ra/microsoft/azure-rtos/threadx/common/src/tx_trace_object_register.o
LOAD ./ra/microsoft/azure-rtos/threadx/common/src/tx_trace_object_unregister.o
LOAD ./ra/microsoft/azure-rtos/threadx/common/src/tx_trace_user_event_insert.o
LOAD ./ra/microsoft/azure-rtos/threadx/common/src/txe_block_allocate.o
LOAD ./ra/microsoft/azure-rtos/threadx/common/src/txe_block_pool_create.o
LOAD ./ra/microsoft/azure-rtos/threadx/common/src/txe_block_pool_delete.o
LOAD ./ra/microsoft/azure-rtos/threadx/common/src/txe_block_pool_info_get.o
LOAD ./ra/microsoft/azure-rtos/threadx/common/src/txe_block_pool_prioritize.o
LOAD ./ra/microsoft/azure-rtos/threadx/common/src/txe_block_release.o
LOAD ./ra/microsoft/azure-rtos/threadx/common/src/txe_byte_allocate.o
LOAD ./ra/microsoft/azure-rtos/threadx/common/src/txe_byte_pool_create.o
LOAD ./ra/microsoft/azure-rtos/threadx/common/src/txe_byte_pool_delete.o
LOAD ./ra/microsoft/azure-rtos/threadx/common/src/txe_byte_pool_info_get.o
LOAD ./ra/microsoft/azure-rtos/threadx/common/src/txe_byte_pool_prioritize.o
LOAD ./ra/microsoft/azure-rtos/threadx/common/src/txe_byte_release.o
LOAD ./ra/microsoft/azure-rtos/threadx/common/src/txe_event_flags_create.o
LOAD ./ra/microsoft/azure-rtos/threadx/common/src/txe_event_flags_delete.o
LOAD ./ra/microsoft/azure-rtos/threadx/common/src/txe_event_flags_get.o
LOAD ./ra/microsoft/azure-rtos/threadx/common/src/txe_event_flags_info_get.o
LOAD ./ra/microsoft/azure-rtos/threadx/common/src/txe_event_flags_set.o
LOAD ./ra/microsoft/azure-rtos/threadx/common/src/txe_event_flags_set_notify.o
LOAD ./ra/microsoft/azure-rtos/threadx/common/src/txe_mutex_create.o
LOAD ./ra/microsoft/azure-rtos/threadx/common/src/txe_mutex_delete.o
LOAD ./ra/microsoft/azure-rtos/threadx/common/src/txe_mutex_get.o
LOAD ./ra/microsoft/azure-rtos/threadx/common/src/txe_mutex_info_get.o
LOAD ./ra/microsoft/azure-rtos/threadx/common/src/txe_mutex_prioritize.o
LOAD ./ra/microsoft/azure-rtos/threadx/common/src/txe_mutex_put.o
LOAD ./ra/microsoft/azure-rtos/threadx/common/src/txe_queue_create.o
LOAD ./ra/microsoft/azure-rtos/threadx/common/src/txe_queue_delete.o
LOAD ./ra/microsoft/azure-rtos/threadx/common/src/txe_queue_flush.o
LOAD ./ra/microsoft/azure-rtos/threadx/common/src/txe_queue_front_send.o
LOAD ./ra/microsoft/azure-rtos/threadx/common/src/txe_queue_info_get.o
LOAD ./ra/microsoft/azure-rtos/threadx/common/src/txe_queue_prioritize.o
LOAD ./ra/microsoft/azure-rtos/threadx/common/src/txe_queue_receive.o
LOAD ./ra/microsoft/azure-rtos/threadx/common/src/txe_queue_send.o
LOAD ./ra/microsoft/azure-rtos/threadx/common/src/txe_queue_send_notify.o
LOAD ./ra/microsoft/azure-rtos/threadx/common/src/txe_semaphore_ceiling_put.o
LOAD ./ra/microsoft/azure-rtos/threadx/common/src/txe_semaphore_create.o
LOAD ./ra/microsoft/azure-rtos/threadx/common/src/txe_semaphore_delete.o
LOAD ./ra/microsoft/azure-rtos/threadx/common/src/txe_semaphore_get.o
LOAD ./ra/microsoft/azure-rtos/threadx/common/src/txe_semaphore_info_get.o
LOAD ./ra/microsoft/azure-rtos/threadx/common/src/txe_semaphore_prioritize.o
LOAD ./ra/microsoft/azure-rtos/threadx/common/src/txe_semaphore_put.o
LOAD ./ra/microsoft/azure-rtos/threadx/common/src/txe_semaphore_put_notify.o
LOAD ./ra/microsoft/azure-rtos/threadx/common/src/txe_thread_create.o
LOAD ./ra/microsoft/azure-rtos/threadx/common/src/txe_thread_delete.o
LOAD ./ra/microsoft/azure-rtos/threadx/common/src/txe_thread_entry_exit_notify.o
LOAD ./ra/microsoft/azure-rtos/threadx/common/src/txe_thread_info_get.o
LOAD ./ra/microsoft/azure-rtos/threadx/common/src/txe_thread_preemption_change.o
LOAD ./ra/microsoft/azure-rtos/threadx/common/src/txe_thread_priority_change.o
LOAD ./ra/microsoft/azure-rtos/threadx/common/src/txe_thread_relinquish.o
LOAD ./ra/microsoft/azure-rtos/threadx/common/src/txe_thread_reset.o
LOAD ./ra/microsoft/azure-rtos/threadx/common/src/txe_thread_resume.o
LOAD ./ra/microsoft/azure-rtos/threadx/common/src/txe_thread_suspend.o
LOAD ./ra/microsoft/azure-rtos/threadx/common/src/txe_thread_terminate.o
LOAD ./ra/microsoft/azure-rtos/threadx/common/src/txe_thread_time_slice_change.o
LOAD ./ra/microsoft/azure-rtos/threadx/common/src/txe_thread_wait_abort.o
LOAD ./ra/microsoft/azure-rtos/threadx/common/src/txe_timer_activate.o
LOAD ./ra/microsoft/azure-rtos/threadx/common/src/txe_timer_change.o
LOAD ./ra/microsoft/azure-rtos/threadx/common/src/txe_timer_create.o
LOAD ./ra/microsoft/azure-rtos/threadx/common/src/txe_timer_deactivate.o
LOAD ./ra/microsoft/azure-rtos/threadx/common/src/txe_timer_delete.o
LOAD ./ra/microsoft/azure-rtos/threadx/common/src/txe_timer_info_get.o
LOAD ./ra/fsp/src/rm_threadx_port/tx_iar.o
LOAD ./ra/fsp/src/rm_threadx_port/tx_initialize_low_level.o
LOAD ./ra/fsp/src/rm_threadx_port/tx_isr_end.o
LOAD ./ra/fsp/src/rm_threadx_port/tx_isr_start.o
LOAD ./ra/fsp/src/rm_threadx_port/tx_port_wait_thread_ready.o
LOAD ./ra/fsp/src/rm_threadx_port/tx_thread_interrupt_control.o
LOAD ./ra/fsp/src/rm_threadx_port/tx_thread_interrupt_disable.o
LOAD ./ra/fsp/src/rm_threadx_port/tx_thread_interrupt_restore.o
LOAD ./ra/fsp/src/rm_threadx_port/tx_thread_schedule.o
LOAD ./ra/fsp/src/rm_threadx_port/tx_thread_secure_stack_allocate.o
LOAD ./ra/fsp/src/rm_threadx_port/tx_thread_secure_stack_free.o
LOAD ./ra/fsp/src/rm_threadx_port/tx_thread_stack_build.o
LOAD ./ra/fsp/src/rm_threadx_port/tx_thread_system_return.o
LOAD ./ra/fsp/src/rm_threadx_port/tx_timer_interrupt.o
LOAD ./ra/fsp/src/rm_threadx_port/txe_thread_secure_stack_allocate.o
LOAD ./ra/fsp/src/rm_threadx_port/txe_thread_secure_stack_free.o
LOAD ./ra/fsp/src/r_tau_pwm/r_tau_pwm.o
LOAD ./ra/fsp/src/r_ioport/r_ioport.o
LOAD ./ra/fsp/src/r_iica_slave/r_iica_slave.o
LOAD ./ra/fsp/src/r_icu/r_icu.o
LOAD ./ra/fsp/src/bsp/mcu/ra0e1/bsp_linker.o
LOAD ./ra/fsp/src/bsp/mcu/all/bsp_clocks.o
LOAD ./ra/fsp/src/bsp/mcu/all/bsp_common.o
LOAD ./ra/fsp/src/bsp/mcu/all/bsp_delay.o
LOAD ./ra/fsp/src/bsp/mcu/all/bsp_group_irq.o
LOAD ./ra/fsp/src/bsp/mcu/all/bsp_guard.o
LOAD ./ra/fsp/src/bsp/mcu/all/bsp_io.o
LOAD ./ra/fsp/src/bsp/mcu/all/bsp_ipc.o
LOAD ./ra/fsp/src/bsp/mcu/all/bsp_irq.o
LOAD ./ra/fsp/src/bsp/mcu/all/bsp_macl.o
LOAD ./ra/fsp/src/bsp/mcu/all/bsp_register_protection.o
LOAD ./ra/fsp/src/bsp/mcu/all/bsp_sbrk.o
LOAD ./ra/fsp/src/bsp/mcu/all/bsp_sdram.o
LOAD ./ra/fsp/src/bsp/mcu/all/bsp_security.o
LOAD ./ra/fsp/src/bsp/cmsis/Device/RENESAS/Source/startup.o
LOAD ./ra/fsp/src/bsp/cmsis/Device/RENESAS/Source/system.o
START GROUP
LOAD C:/Renesas/RA/e2studio_v2025-04.1_fsp_v6.0.0/toolchains/gcc_arm/13.2.rel1/bin/../lib/gcc/arm-none-eabi/13.2.1/thumb/v8-m.base/nofp\libgcc.a
LOAD C:/Renesas/RA/e2studio_v2025-04.1_fsp_v6.0.0/toolchains/gcc_arm/13.2.rel1/bin/../lib/gcc/arm-none-eabi/13.2.1/thumb/v8-m.base/nofp\libg_nano.a
LOAD C:/Renesas/RA/e2studio_v2025-04.1_fsp_v6.0.0/toolchains/gcc_arm/13.2.rel1/bin/../lib/gcc/arm-none-eabi/13.2.1/thumb/v8-m.base/nofp\libc_nano.a
END GROUP
START GROUP
LOAD C:/Renesas/RA/e2studio_v2025-04.1_fsp_v6.0.0/toolchains/gcc_arm/13.2.rel1/bin/../lib/gcc/arm-none-eabi/13.2.1/thumb/v8-m.base/nofp\libgcc.a
LOAD C:/Renesas/RA/e2studio_v2025-04.1_fsp_v6.0.0/toolchains/gcc_arm/13.2.rel1/bin/../lib/gcc/arm-none-eabi/13.2.1/thumb/v8-m.base/nofp\libc_nano.a
END GROUP
LOAD C:/Renesas/RA/e2studio_v2025-04.1_fsp_v6.0.0/toolchains/gcc_arm/13.2.rel1/bin/../lib/gcc/arm-none-eabi/13.2.1/thumb/v8-m.base/nofp/crtend.o
LOAD C:/Renesas/RA/e2studio_v2025-04.1_fsp_v6.0.0/toolchains/gcc_arm/13.2.rel1/bin/../lib/gcc/arm-none-eabi/13.2.1/thumb/v8-m.base/nofp/crtn.o
                0x20004000                        RAM_START = 0x20004000
                0x00003000                        RAM_LENGTH = 0x3000
                0x00000440                        FLASH_START = 0x440
                0x0000fbc0                        FLASH_LENGTH = 0xfbc0
                0x40100000                        DATA_FLASH_START = 0x40100000
                0x00000400                        DATA_FLASH_LENGTH = 0x400
                0x00000400                        OPTION_SETTING_OFS0_START = 0x400
                0x00000004                        OPTION_SETTING_OFS0_LENGTH = 0x4
                0x00000404                        OPTION_SETTING_OFS1_START = 0x404
                0x00000004                        OPTION_SETTING_OFS1_LENGTH = 0x4
                0x01010018                        OPTION_SETTING_OSIS_START = 0x1010018
                0x00000020                        OPTION_SETTING_OSIS_LENGTH = 0x20
                0x00000000                        FLASH_GAP_START = 0x0
                0x00000400                        FLASH_GAP_LENGTH = 0x400
START GROUP
LOAD C:/Renesas/RA/e2studio_v2025-04.1_fsp_v6.0.0/toolchains/gcc_arm/13.2.rel1/bin/../lib/gcc/arm-none-eabi/13.2.1/thumb/v8-m.base/nofp\libgcc.a
LOAD C:/Renesas/RA/e2studio_v2025-04.1_fsp_v6.0.0/toolchains/gcc_arm/13.2.rel1/bin/../lib/gcc/arm-none-eabi/13.2.1/thumb/v8-m.base/nofp\libc.a
LOAD C:/Renesas/RA/e2studio_v2025-04.1_fsp_v6.0.0/toolchains/gcc_arm/13.2.rel1/bin/../lib/gcc/arm-none-eabi/13.2.1/thumb/v8-m.base/nofp\libm.a
END GROUP

.data_flash.startof
                0x40100000        0x0
                0x40100000                        __ddsc_DATA_FLASH_START = .

.ram.startof    0x20004000        0x0
                0x20004000                        __ddsc_RAM_START = .

__ram_dtc_vector$$
                0x20004000        0x0
                0x20004000                        __ram_dtc_vector$$Base = .
 *(.fsp_dtc_vector_table)
                0x20004000                        __ram_dtc_vector$$Limit = .

__ram_from_data_flash$$
                0x20004000        0x0 load address 0x40100000
                0x20004000                        __ram_from_data_flash$$Base = .
                0x40100000                        __ram_from_data_flash$$Load = LOADADDR (__ram_from_data_flash$$)
 *(.ram_from_data_flash)
 *(.ram_code_from_data_flash)
                0x20004000                        __ram_from_data_flash$$Limit = .

__data_flash_readonly$$
                0x40100000        0x0
                0x40100000                        __data_flash_readonly$$Base = .
 *(.data_flash)
 *(.data_flash_code)
                0x40100000                        __data_flash_readonly$$Limit = .

__data_flash_noinit$$
                0x40100000        0x0
                0x40100000                        __data_flash_noinit$$Base = .
 *(.data_flash_noinit)
                0x40100000                        __data_flash_noinit$$Limit = .

.data_flash.endof
                0x40100000        0x0
                0x40100000                        __ddsc_DATA_FLASH_END = .

.flash.startof  0x00000000        0x0
                0x00000000                        __ddsc_FLASH_START = .

__flash_vectors$$
                0x00000000       0xac
                0x00000000                        __flash_vectors$$Base = .
                0x00000000                        _VECTORS = .
 *(.fixed_vectors)
 .fixed_vectors
                0x00000000       0x40 ./ra/fsp/src/bsp/cmsis/Device/RENESAS/Source/startup.o
                0x00000000                __Vectors
 *(.application_vectors)
 .application_vectors
                0x00000040       0x6c ./ra_gen/vector_data.o
                0x00000040                g_vector_table
                0x000000ac                        __flash_vectors$$Limit = .

__flash_readonly_gap$$
                0x000000ac      0x10c
                0x000000ac                        __flash_readonly_gap$$Base = .
 *bsp_linker.?*(.rodata.*)
 .rodata.g_init_info
                0x000000ac       0x10 ./ra/fsp/src/bsp/mcu/ra0e1/bsp_linker.o
                0x000000ac                g_init_info
 .rodata.copy_list
                0x000000bc       0x20 ./ra/fsp/src/bsp/mcu/ra0e1/bsp_linker.o
 .rodata.zero_list
                0x000000dc        0xc ./ra/fsp/src/bsp/mcu/ra0e1/bsp_linker.o
 *(.flash_gap)
 *startup.?*(.text.Reset_Handler)
 .text.Reset_Handler
                0x000000e8        0xc ./ra/fsp/src/bsp/cmsis/Device/RENESAS/Source/startup.o
                0x000000e8                Reset_Handler
 *system.?*(.text.*)
 .text.SystemRuntimeInit
                0x000000f4       0x58 ./ra/fsp/src/bsp/cmsis/Device/RENESAS/Source/system.o
 .text.SystemInit
                0x0000014c       0x6c ./ra/fsp/src/bsp/cmsis/Device/RENESAS/Source/system.o
                0x0000014c                SystemInit
 *(.flash_gap_code)
                0x000001b8                        __flash_readonly_gap$$Limit = .

__flash_noinit$$
                0x00000440        0x0
                0x00000440                        __flash_noinit$$Base = .
 *(.flash_noinit)
                0x00000440                        __flash_noinit$$Limit = .

__ram_from_flash$$
                0x20004000        0x4 load address 0x00000440
                0x20004000                        __ram_from_flash$$Base = .
                0x00000440                        __ram_from_flash$$Load = LOADADDR (__ram_from_flash$$)
 *(.ram_from_flash)
 *(.ram_code_from_flash)
 *(.data*)
 .data._tx_thread_system_state
                0x20004000        0x4 ./ra/microsoft/azure-rtos/threadx/common/src/tx_thread_initialize.o
                0x20004000                _tx_thread_system_state
 *(vtable)
                0x20004004                        __ram_from_flash$$Limit = .

.tm_clone_table
                0x20004004        0x0 load address 0x00000444
 .tm_clone_table
                0x20004004        0x0 C:/Renesas/RA/e2studio_v2025-04.1_fsp_v6.0.0/toolchains/gcc_arm/13.2.rel1/bin/../lib/gcc/arm-none-eabi/13.2.1/thumb/v8-m.base/nofp/crtbegin.o
 .tm_clone_table
                0x20004004        0x0 C:/Renesas/RA/e2studio_v2025-04.1_fsp_v6.0.0/toolchains/gcc_arm/13.2.rel1/bin/../lib/gcc/arm-none-eabi/13.2.1/thumb/v8-m.base/nofp/crtend.o

.igot.plt       0x20004004        0x0 load address 0x00000444
 .igot.plt      0x20004004        0x0 C:/Renesas/RA/e2studio_v2025-04.1_fsp_v6.0.0/toolchains/gcc_arm/13.2.rel1/bin/../lib/gcc/arm-none-eabi/13.2.1/thumb/v8-m.base/nofp/crtbegin.o

__ram_noinit$$  0x20004008      0x414 load address 0x00000444
                0x20004008                        __ram_noinit$$Base = .
 *(.bss.g_heap)
 *(.bss.g_main_stack)
 .bss.g_main_stack
                0x20004008      0x400 ./ra/fsp/src/bsp/cmsis/Device/RENESAS/Source/startup.o
                0x20004008                g_main_stack
 *(.ram_noinit)
 .ram_noinit    0x20004408       0x14 ./ra/fsp/src/bsp/mcu/all/bsp_clocks.o
 *(.noinit)
                0x2000441c                        __ram_noinit$$Limit = .

__ram_zero$$    0x2000441c     0x14dc load address 0x00000444
                0x2000441c                        __ram_zero$$Base = .
 *(.ram)
 *(.bss*)
 .bss.completed.1
                0x2000441c        0x1 C:/Renesas/RA/e2studio_v2025-04.1_fsp_v6.0.0/toolchains/gcc_arm/13.2.rel1/bin/../lib/gcc/arm-none-eabi/13.2.1/thumb/v8-m.base/nofp/crtbegin.o
 *fill*         0x2000441d        0x3 
 .bss.object.0  0x20004420       0x18 C:/Renesas/RA/e2studio_v2025-04.1_fsp_v6.0.0/toolchains/gcc_arm/13.2.rel1/bin/../lib/gcc/arm-none-eabi/13.2.1/thumb/v8-m.base/nofp/crtbegin.o
 .bss._acDownBuffer
                0x20004438       0x40 ./src/SEGGER_RTT/SEGGER_RTT.o
 .bss._acUpBuffer
                0x20004478     0x1000 ./src/SEGGER_RTT/SEGGER_RTT.o
 .bss._SEGGER_RTT
                0x20005478       0xa8 ./src/SEGGER_RTT/SEGGER_RTT.o
                0x20005478                _SEGGER_RTT
 .bss.fgout_cnt
                0x20005520        0x1 ./src/sys_thread_entry.o
                0x20005520                fgout_cnt
 .bss.g_event   0x20005521        0x1 ./src/sys_thread_entry.o
                0x20005521                g_event
 *fill*         0x20005522        0x2 
 .bss.g_new_event_flags0
                0x20005524       0x24 ./ra_gen/common_data.o
                0x20005524                g_new_event_flags0
 .bss.g_ioport_ctrl
                0x20005548        0x8 ./ra_gen/common_data.o
                0x20005548                g_ioport_ctrl
 .bss.g_irq_FGOUT1_ctrl
                0x20005550       0x10 ./ra_gen/common_data.o
                0x20005550                g_irq_FGOUT1_ctrl
 .bss.i2c_slave_thread
                0x20005560       0xb0 ./ra_gen/i2c_slave_thread.o
                0x20005560                i2c_slave_thread
 .bss.g_fsp_common_initialized_semaphore
                0x20005610       0x1c ./ra_gen/main.o
                0x20005610                g_fsp_common_initialized_semaphore
 .bss.g_fsp_common_initialized
                0x2000562c        0x1 ./ra_gen/main.o
                0x2000562c                g_fsp_common_initialized
 *fill*         0x2000562d        0x3 
 .bss.g_fsp_common_thread_count
                0x20005630        0x4 ./ra_gen/main.o
                0x20005630                g_fsp_common_thread_count
 .bss.g_timer0_ctrl
                0x20005634       0x14 ./ra_gen/sys_thread.o
                0x20005634                g_timer0_ctrl
 .bss.sys_thread
                0x20005648       0xb0 ./ra_gen/sys_thread.o
                0x20005648                sys_thread
 .bss._tx_initialize_unused_memory
                0x200056f8        0x4 ./ra/microsoft/azure-rtos/threadx/common/src/tx_initialize_high_level.o
                0x200056f8                _tx_initialize_unused_memory
 .bss._tx_event_flags_created_count
                0x200056fc        0x4 ./ra/microsoft/azure-rtos/threadx/common/src/tx_initialize_high_level.o
                0x200056fc                _tx_event_flags_created_count
 .bss._tx_event_flags_created_ptr
                0x20005700        0x4 ./ra/microsoft/azure-rtos/threadx/common/src/tx_initialize_high_level.o
                0x20005700                _tx_event_flags_created_ptr
 .bss._tx_semaphore_created_count
                0x20005704        0x4 ./ra/microsoft/azure-rtos/threadx/common/src/tx_initialize_high_level.o
                0x20005704                _tx_semaphore_created_count
 .bss._tx_semaphore_created_ptr
                0x20005708        0x4 ./ra/microsoft/azure-rtos/threadx/common/src/tx_initialize_high_level.o
                0x20005708                _tx_semaphore_created_ptr
 .bss._tx_build_options
                0x2000570c        0x4 ./ra/microsoft/azure-rtos/threadx/common/src/tx_thread_initialize.o
                0x2000570c                _tx_build_options
 .bss._tx_thread_mutex_release
                0x20005710        0x4 ./ra/microsoft/azure-rtos/threadx/common/src/tx_thread_initialize.o
                0x20005710                _tx_thread_mutex_release
 .bss._tx_thread_preempt_disable
                0x20005714        0x4 ./ra/microsoft/azure-rtos/threadx/common/src/tx_thread_initialize.o
                0x20005714                _tx_thread_preempt_disable
 .bss._tx_thread_priority_list
                0x20005718       0x80 ./ra/microsoft/azure-rtos/threadx/common/src/tx_thread_initialize.o
                0x20005718                _tx_thread_priority_list
 .bss._tx_thread_highest_priority
                0x20005798        0x4 ./ra/microsoft/azure-rtos/threadx/common/src/tx_thread_initialize.o
                0x20005798                _tx_thread_highest_priority
 .bss._tx_thread_priority_maps
                0x2000579c        0x4 ./ra/microsoft/azure-rtos/threadx/common/src/tx_thread_initialize.o
                0x2000579c                _tx_thread_priority_maps
 .bss._tx_thread_created_count
                0x200057a0        0x4 ./ra/microsoft/azure-rtos/threadx/common/src/tx_thread_initialize.o
                0x200057a0                _tx_thread_created_count
 .bss._tx_thread_created_ptr
                0x200057a4        0x4 ./ra/microsoft/azure-rtos/threadx/common/src/tx_thread_initialize.o
                0x200057a4                _tx_thread_created_ptr
 .bss._tx_thread_execute_ptr
                0x200057a8        0x4 ./ra/microsoft/azure-rtos/threadx/common/src/tx_thread_initialize.o
                0x200057a8                _tx_thread_execute_ptr
 .bss._tx_thread_current_ptr
                0x200057ac        0x4 ./ra/microsoft/azure-rtos/threadx/common/src/tx_thread_initialize.o
                0x200057ac                _tx_thread_current_ptr
 .bss._tx_thread_system_stack_ptr
                0x200057b0        0x4 ./ra/microsoft/azure-rtos/threadx/common/src/tx_thread_initialize.o
                0x200057b0                _tx_thread_system_stack_ptr
 .bss._tx_timer_time_slice
                0x200057b4        0x4 ./ra/microsoft/azure-rtos/threadx/common/src/tx_timer_initialize.o
                0x200057b4                _tx_timer_time_slice
 .bss._tx_timer_processing_active
                0x200057b8        0x4 ./ra/microsoft/azure-rtos/threadx/common/src/tx_timer_initialize.o
                0x200057b8                _tx_timer_processing_active
 .bss._tx_timer_expired_timer_ptr
                0x200057bc        0x4 ./ra/microsoft/azure-rtos/threadx/common/src/tx_timer_initialize.o
                0x200057bc                _tx_timer_expired_timer_ptr
 .bss._tx_timer_expired
                0x200057c0        0x4 ./ra/microsoft/azure-rtos/threadx/common/src/tx_timer_initialize.o
                0x200057c0                _tx_timer_expired
 .bss._tx_timer_current_ptr
                0x200057c4        0x4 ./ra/microsoft/azure-rtos/threadx/common/src/tx_timer_initialize.o
                0x200057c4                _tx_timer_current_ptr
 .bss._tx_timer_list_end
                0x200057c8        0x4 ./ra/microsoft/azure-rtos/threadx/common/src/tx_timer_initialize.o
                0x200057c8                _tx_timer_list_end
 .bss._tx_timer_list_start
                0x200057cc        0x4 ./ra/microsoft/azure-rtos/threadx/common/src/tx_timer_initialize.o
                0x200057cc                _tx_timer_list_start
 .bss._tx_timer_list
                0x200057d0       0x80 ./ra/microsoft/azure-rtos/threadx/common/src/tx_timer_initialize.o
                0x200057d0                _tx_timer_list
 .bss._tx_timer_expired_time_slice
                0x20005850        0x4 ./ra/microsoft/azure-rtos/threadx/common/src/tx_timer_initialize.o
                0x20005850                _tx_timer_expired_time_slice
 .bss._tx_timer_system_clock
                0x20005854        0x4 ./ra/microsoft/azure-rtos/threadx/common/src/tx_timer_initialize.o
                0x20005854                _tx_timer_system_clock
 .bss.g_prcr    0x20005858        0x4 ./ra/fsp/src/rm_threadx_port/tx_port_wait_thread_ready.o
 .bss.g_saved_lpm_state
                0x2000585c        0x2 ./ra/fsp/src/rm_threadx_port/tx_port_wait_thread_ready.o
 *fill*         0x2000585e        0x2 
 .bss.g_bsp_group_irq_sources
                0x20005860       0x24 ./ra/fsp/src/bsp/mcu/all/bsp_group_irq.o
                0x20005860                g_bsp_group_irq_sources
 .bss.g_protect_pfswe_counter
                0x20005884        0x4 ./ra/fsp/src/bsp/mcu/all/bsp_io.o
                0x20005884                g_protect_pfswe_counter
 .bss.gp_renesas_isr_context
                0x20005888       0x6c ./ra/fsp/src/bsp/mcu/all/bsp_irq.o
                0x20005888                gp_renesas_isr_context
 .bss.SystemCoreClock
                0x200058f4        0x4 ./ra/fsp/src/bsp/cmsis/Device/RENESAS/Source/system.o
                0x200058f4                SystemCoreClock
                0x200058f8                        __ram_zero$$Limit = .

__ram_thread_stack$$
                0x200058f8      0x800 load address 0x00000448
                0x200058f8                        __ram_thread_stack$$Base = .
 *(.stack?*)
 .stack.i2c_slave_thread
                0x200058f8      0x400 ./ra_gen/i2c_slave_thread.o
 .stack.sys_thread
                0x20005cf8      0x400 ./ra_gen/sys_thread.o
                0x200060f8                        __ram_thread_stack$$Limit = .

.ram.endof      0x20006200        0x0
                0x20006200                        __ddsc_RAM_END = .

__flash_readonly$$
                0x00000444     0x2434
                0x00000444                        __flash_readonly$$Base = .
 *(.flash)
 *(.flash_code)
 *(.text*)
 .text.deregister_tm_clones
                0x00000444       0x24 C:/Renesas/RA/e2studio_v2025-04.1_fsp_v6.0.0/toolchains/gcc_arm/13.2.rel1/bin/../lib/gcc/arm-none-eabi/13.2.1/thumb/v8-m.base/nofp/crtbegin.o
 .text.register_tm_clones
                0x00000468       0x2c C:/Renesas/RA/e2studio_v2025-04.1_fsp_v6.0.0/toolchains/gcc_arm/13.2.rel1/bin/../lib/gcc/arm-none-eabi/13.2.1/thumb/v8-m.base/nofp/crtbegin.o
 .text.__do_global_dtors_aux
                0x00000494       0x30 C:/Renesas/RA/e2studio_v2025-04.1_fsp_v6.0.0/toolchains/gcc_arm/13.2.rel1/bin/../lib/gcc/arm-none-eabi/13.2.1/thumb/v8-m.base/nofp/crtbegin.o
 .text.frame_dummy
                0x000004c4       0x28 C:/Renesas/RA/e2studio_v2025-04.1_fsp_v6.0.0/toolchains/gcc_arm/13.2.rel1/bin/../lib/gcc/arm-none-eabi/13.2.1/thumb/v8-m.base/nofp/crtbegin.o
 .text._GetAvailWriteSpace
                0x000004ec       0x12 ./src/SEGGER_RTT/SEGGER_RTT.o
 .text._WriteNoCheck
                0x000004fe       0x34 ./src/SEGGER_RTT/SEGGER_RTT.o
 .text._WriteBlocking
                0x00000532       0x5e ./src/SEGGER_RTT/SEGGER_RTT.o
 .text._DoInit  0x00000590       0x6c ./src/SEGGER_RTT/SEGGER_RTT.o
 .text.SEGGER_RTT_ReadNoLock
                0x000005fc       0x9c ./src/SEGGER_RTT/SEGGER_RTT.o
                0x000005fc                SEGGER_RTT_ReadNoLock
 .text.SEGGER_RTT_Read
                0x00000698       0x1a ./src/SEGGER_RTT/SEGGER_RTT.o
                0x00000698                SEGGER_RTT_Read
 *fill*         0x000006b2        0x2 
 .text.SEGGER_RTT_WriteNoLock
                0x000006b4       0x58 ./src/SEGGER_RTT/SEGGER_RTT.o
                0x000006b4                SEGGER_RTT_WriteNoLock
 .text.SEGGER_RTT_Write
                0x0000070c       0x34 ./src/SEGGER_RTT/SEGGER_RTT.o
                0x0000070c                SEGGER_RTT_Write
 .text.SEGGER_RTT_GetKey
                0x00000740       0x1e ./src/SEGGER_RTT/SEGGER_RTT.o
                0x00000740                SEGGER_RTT_GetKey
 *fill*         0x0000075e        0x2 
 .text.SEGGER_RTT_HasKey
                0x00000760       0x20 ./src/SEGGER_RTT/SEGGER_RTT.o
                0x00000760                SEGGER_RTT_HasKey
 .text._StoreChar
                0x00000780       0x3e ./src/SEGGER_RTT/SEGGER_RTT_printf.o
 *fill*         0x000007be        0x2 
 .text._PrintUnsigned
                0x000007c0       0xd4 ./src/SEGGER_RTT/SEGGER_RTT_printf.o
 .text.SEGGER_RTT_vprintf
                0x00000894      0x254 ./src/SEGGER_RTT/SEGGER_RTT_printf.o
                0x00000894                SEGGER_RTT_vprintf
 .text.SEGGER_RTT_printf
                0x00000ae8       0x18 ./src/SEGGER_RTT/SEGGER_RTT_printf.o
                0x00000ae8                SEGGER_RTT_printf
 .text.R_BSP_WarmStart
                0x00000b00       0x28 ./src/hal_entry.o
                0x00000b00                R_BSP_WarmStart
 .text.i2c_slave_thread_entry
                0x00000b28        0xa ./src/i2c_slave_thread_entry.o
                0x00000b28                i2c_slave_thread_entry
 *fill*         0x00000b32        0x2 
 .text.TestInt  0x00000b34        0xc ./src/sys_thread_entry.o
                0x00000b34                TestInt
 .text.cb_FGOUT1
                0x00000b40       0x10 ./src/sys_thread_entry.o
                0x00000b40                cb_FGOUT1
 .text.sys_thread_entry
                0x00000b50      0x178 ./src/sys_thread_entry.o
                0x00000b50                sys_thread_entry
 .text.g_common_init
                0x00000cc8       0x20 ./ra_gen/common_data.o
                0x00000cc8                g_common_init
 .text.g_hal_init
                0x00000ce8        0x8 ./ra_gen/hal_data.o
                0x00000ce8                g_hal_init
 .text.i2c_slave_thread_func
                0x00000cf0        0xc ./ra_gen/i2c_slave_thread.o
 .text.i2c_slave_thread_create
                0x00000cfc       0x54 ./ra_gen/i2c_slave_thread.o
                0x00000cfc                i2c_slave_thread_create
 .text.tx_application_define_internal
                0x00000d50        0x2 ./ra_gen/main.o
                0x00000d50                tx_application_define_user
                0x00000d50                tx_application_define_internal
 .text.tx_startup_err_callback_internal
                0x00000d52        0x4 ./ra_gen/main.o
                0x00000d52                tx_startup_err_callback_internal
                0x00000d52                tx_startup_err_callback
 *fill*         0x00000d56        0x2 
 .text.tx_application_define
                0x00000d58       0x40 ./ra_gen/main.o
                0x00000d58                tx_application_define
 .text.tx_startup_common_init
                0x00000d98       0x50 ./ra_gen/main.o
                0x00000d98                tx_startup_common_init
 .text.startup.main
                0x00000de8        0xa ./ra_gen/main.o
                0x00000de8                main
 .text.sys_thread_func
                0x00000df2        0xc ./ra_gen/sys_thread.o
 *fill*         0x00000dfe        0x2 
 .text.sys_thread_create
                0x00000e00       0x54 ./ra_gen/sys_thread.o
                0x00000e00                sys_thread_create
 .text._tx_event_flags_create
                0x00000e54       0x50 ./ra/microsoft/azure-rtos/threadx/common/src/tx_event_flags_create.o
                0x00000e54                _tx_event_flags_create
 .text._tx_initialize_high_level
                0x00000ea4        0xc ./ra/microsoft/azure-rtos/threadx/common/src/tx_initialize_high_level.o
                0x00000ea4                _tx_initialize_high_level
 .text._tx_initialize_kernel_enter
                0x00000eb0       0x48 ./ra/microsoft/azure-rtos/threadx/common/src/tx_initialize_kernel_enter.o
                0x00000eb0                _tx_initialize_kernel_enter
 .text._tx_semaphore_cleanup
                0x00000ef8       0x80 ./ra/microsoft/azure-rtos/threadx/common/src/tx_semaphore_cleanup.o
                0x00000ef8                _tx_semaphore_cleanup
 .text._tx_semaphore_create
                0x00000f78       0x54 ./ra/microsoft/azure-rtos/threadx/common/src/tx_semaphore_create.o
                0x00000f78                _tx_semaphore_create
 .text._tx_semaphore_get
                0x00000fcc       0x88 ./ra/microsoft/azure-rtos/threadx/common/src/tx_semaphore_get.o
                0x00000fcc                _tx_semaphore_get
 .text._tx_semaphore_put
                0x00001054       0x54 ./ra/microsoft/azure-rtos/threadx/common/src/tx_semaphore_put.o
                0x00001054                _tx_semaphore_put
 .text._tx_thread_create
                0x000010a8      0x12c ./ra/microsoft/azure-rtos/threadx/common/src/tx_thread_create.o
                0x000010a8                _tx_thread_create
 .text._tx_thread_initialize
                0x000011d4       0x1c ./ra/microsoft/azure-rtos/threadx/common/src/tx_thread_initialize.o
                0x000011d4                _tx_thread_initialize
 .text._tx_thread_shell_entry
                0x000011f0       0x48 ./ra/microsoft/azure-rtos/threadx/common/src/tx_thread_shell_entry.o
                0x000011f0                _tx_thread_shell_entry
 .text._tx_thread_sleep
                0x00001238       0x64 ./ra/microsoft/azure-rtos/threadx/common/src/tx_thread_sleep.o
                0x00001238                _tx_thread_sleep
 .text._tx_thread_system_preempt_check
                0x0000129c       0x3c ./ra/microsoft/azure-rtos/threadx/common/src/tx_thread_system_preempt_check.o
                0x0000129c                _tx_thread_system_preempt_check
 .text._tx_thread_system_return_inline
                0x000012d8       0x20 ./ra/microsoft/azure-rtos/threadx/common/src/tx_thread_system_resume.o
 .text._tx_thread_system_resume
                0x000012f8       0xc4 ./ra/microsoft/azure-rtos/threadx/common/src/tx_thread_system_resume.o
                0x000012f8                _tx_thread_system_resume
 .text._tx_thread_system_return_inline
                0x000013bc       0x20 ./ra/microsoft/azure-rtos/threadx/common/src/tx_thread_system_suspend.o
 .text._tx_thread_system_suspend
                0x000013dc       0xfc ./ra/microsoft/azure-rtos/threadx/common/src/tx_thread_system_suspend.o
                0x000013dc                _tx_thread_system_suspend
 .text._tx_thread_time_slice
                0x000014d8       0x60 ./ra/microsoft/azure-rtos/threadx/common/src/tx_thread_time_slice.o
                0x000014d8                _tx_thread_time_slice
 .text._tx_thread_timeout
                0x00001538       0x38 ./ra/microsoft/azure-rtos/threadx/common/src/tx_thread_timeout.o
                0x00001538                _tx_thread_timeout
 .text._tx_timer_expiration_process
                0x00001570       0xf0 ./ra/microsoft/azure-rtos/threadx/common/src/tx_timer_expiration_process.o
                0x00001570                _tx_timer_expiration_process
 .text._tx_timer_initialize
                0x00001660       0x30 ./ra/microsoft/azure-rtos/threadx/common/src/tx_timer_initialize.o
                0x00001660                _tx_timer_initialize
 .text._tx_timer_system_activate
                0x00001690       0x54 ./ra/microsoft/azure-rtos/threadx/common/src/tx_timer_system_activate.o
                0x00001690                _tx_timer_system_activate
 .text._tx_timer_system_deactivate
                0x000016e4       0x2a ./ra/microsoft/azure-rtos/threadx/common/src/tx_timer_system_deactivate.o
                0x000016e4                _tx_timer_system_deactivate
 *fill*         0x0000170e        0x2 
 .text._txe_event_flags_create
                0x00001710       0x8c ./ra/microsoft/azure-rtos/threadx/common/src/txe_event_flags_create.o
                0x00001710                _txe_event_flags_create
 .text._txe_semaphore_create
                0x0000179c       0x90 ./ra/microsoft/azure-rtos/threadx/common/src/txe_semaphore_create.o
                0x0000179c                _txe_semaphore_create
 .text._txe_semaphore_get
                0x0000182c       0x30 ./ra/microsoft/azure-rtos/threadx/common/src/txe_semaphore_get.o
                0x0000182c                _txe_semaphore_get
 .text._txe_semaphore_put
                0x0000185c       0x1c ./ra/microsoft/azure-rtos/threadx/common/src/txe_semaphore_put.o
                0x0000185c                _txe_semaphore_put
 .text._txe_thread_create
                0x00001878      0x118 ./ra/microsoft/azure-rtos/threadx/common/src/txe_thread_create.o
                0x00001878                _txe_thread_create
 .text._tx_initialize_low_level
                0x00001990       0x84 ./ra/fsp/src/rm_threadx_port/tx_initialize_low_level.o
                0x00001990                _tx_initialize_low_level
 .text._tx_port_wait_thread_ready
                0x00001a14       0x94 ./ra/fsp/src/rm_threadx_port/tx_port_wait_thread_ready.o
                0x00001a14                _tx_port_wait_thread_ready
 .text._tx_thread_schedule
                0x00001aa8       0x1c ./ra/fsp/src/rm_threadx_port/tx_thread_schedule.o
                0x00001aa8                _tx_thread_schedule
 .text.PendSV_Handler
                0x00001ac4       0x74 ./ra/fsp/src/rm_threadx_port/tx_thread_schedule.o
                0x00001ac4                PendSV_Handler
 .text.SysTick_Handler
                0x00001b38        0x8 ./ra/fsp/src/rm_threadx_port/tx_thread_schedule.o
                0x00001b38                SysTick_Handler
 .text._tx_thread_stack_build
                0x00001b40       0x30 ./ra/fsp/src/rm_threadx_port/tx_thread_stack_build.o
                0x00001b40                _tx_thread_stack_build
 .text._tx_timer_interrupt
                0x00001b70       0xa4 ./ra/fsp/src/rm_threadx_port/tx_timer_interrupt.o
                0x00001b70                _tx_timer_interrupt
 .text.R_TAU_PWM_Start
                0x00001c14       0x20 ./ra/fsp/src/r_tau_pwm/r_tau_pwm.o
                0x00001c14                R_TAU_PWM_Start
 .text.R_TAU_PWM_DutyCycleSet
                0x00001c34       0x10 ./ra/fsp/src/r_tau_pwm/r_tau_pwm.o
                0x00001c34                R_TAU_PWM_DutyCycleSet
 .text.R_TAU_PWM_InfoGet
                0x00001c44       0x30 ./ra/fsp/src/r_tau_pwm/r_tau_pwm.o
                0x00001c44                R_TAU_PWM_InfoGet
 .text.R_TAU_PWM_Open
                0x00001c74      0x160 ./ra/fsp/src/r_tau_pwm/r_tau_pwm.o
                0x00001c74                R_TAU_PWM_Open
 .text.tau_pwm_common_tmi_isr
                0x00001dd4       0x38 ./ra/fsp/src/r_tau_pwm/r_tau_pwm.o
                0x00001dd4                tau_pwm_common_tmi_isr
 .text.tau_pwm_master_tmi_isr
                0x00001e0c        0xa ./ra/fsp/src/r_tau_pwm/r_tau_pwm.o
                0x00001e0c                tau_pwm_master_tmi_isr
 *fill*         0x00001e16        0x2 
 .text.R_BSP_PinAccessEnable
                0x00001e18       0x2c ./ra/fsp/src/r_ioport/r_ioport.o
 .text.R_BSP_PinAccessDisable
                0x00001e44       0x30 ./ra/fsp/src/r_ioport/r_ioport.o
 .text.R_IOPORT_Close
                0x00001e74        0x8 ./ra/fsp/src/r_ioport/r_ioport.o
                0x00001e74                R_IOPORT_Close
 .text.R_IOPORT_PinRead
                0x00001e7c       0x1c ./ra/fsp/src/r_ioport/r_ioport.o
                0x00001e7c                R_IOPORT_PinRead
 .text.R_IOPORT_PortRead
                0x00001e98       0x14 ./ra/fsp/src/r_ioport/r_ioport.o
                0x00001e98                R_IOPORT_PortRead
 .text.R_IOPORT_PortWrite
                0x00001eac       0x1c ./ra/fsp/src/r_ioport/r_ioport.o
                0x00001eac                R_IOPORT_PortWrite
 .text.R_IOPORT_PinWrite
                0x00001ec8       0x24 ./ra/fsp/src/r_ioport/r_ioport.o
                0x00001ec8                R_IOPORT_PinWrite
 .text.R_IOPORT_PortDirectionSet
                0x00001eec       0x20 ./ra/fsp/src/r_ioport/r_ioport.o
                0x00001eec                R_IOPORT_PortDirectionSet
 .text.R_IOPORT_PinEventInputRead
                0x00001f0c        0x4 ./ra/fsp/src/r_ioport/r_ioport.o
                0x00001f0c                R_IOPORT_PinEventInputRead
 .text.R_IOPORT_PortEventOutputWrite
                0x00001f10       0x1c ./ra/fsp/src/r_ioport/r_ioport.o
                0x00001f10                R_IOPORT_PortEventOutputWrite
 .text.R_IOPORT_PinEventOutputWrite
                0x00001f2c       0x38 ./ra/fsp/src/r_ioport/r_ioport.o
                0x00001f2c                R_IOPORT_PinEventOutputWrite
 .text.R_IOPORT_PinCfg
                0x00001f64       0x28 ./ra/fsp/src/r_ioport/r_ioport.o
                0x00001f64                R_IOPORT_PinCfg
 .text.R_IOPORT_PortEventInputRead
                0x00001f8c        0x4 ./ra/fsp/src/r_ioport/r_ioport.o
                0x00001f8c                R_IOPORT_PortEventInputRead
 .text.r_ioport_pins_config
                0x00001f90       0x3c ./ra/fsp/src/r_ioport/r_ioport.o
 .text.R_IOPORT_Open
                0x00001fcc       0x14 ./ra/fsp/src/r_ioport/r_ioport.o
                0x00001fcc                R_IOPORT_Open
 .text.R_IOPORT_PinsCfg
                0x00001fe0        0xc ./ra/fsp/src/r_ioport/r_ioport.o
                0x00001fe0                R_IOPORT_PinsCfg
 .text.r_iica_slave_call_callback
                0x00001fec       0x1c ./ra/fsp/src/r_iica_slave/r_iica_slave.o
 .text.iica_slave_txrxi_isr
                0x00002008      0x100 ./ra/fsp/src/r_iica_slave/r_iica_slave.o
                0x00002008                iica_slave_txrxi_isr
 .text.R_ICU_ExternalIrqOpen
                0x00002108       0x3c ./ra/fsp/src/r_icu/r_icu.o
                0x00002108                R_ICU_ExternalIrqOpen
 .text.R_ICU_ExternalIrqEnable
                0x00002144        0xe ./ra/fsp/src/r_icu/r_icu.o
                0x00002144                R_ICU_ExternalIrqEnable
 *fill*         0x00002152        0x2 
 .text.r_icu_isr
                0x00002154       0x28 ./ra/fsp/src/r_icu/r_icu.o
                0x00002154                r_icu_isr
 .text.bsp_prv_operating_mode_flmode_set
                0x0000217c       0x48 ./ra/fsp/src/bsp/mcu/all/bsp_clocks.o
 .text.SystemCoreClockUpdate
                0x000021c4       0x68 ./ra/fsp/src/bsp/mcu/all/bsp_clocks.o
                0x000021c4                SystemCoreClockUpdate
 .text.bsp_prv_clock_set
                0x0000222c       0xa8 ./ra/fsp/src/bsp/mcu/all/bsp_clocks.o
                0x0000222c                bsp_prv_clock_set
 .text.R_BSP_SubClockStabilizeWaitAfterReset
                0x000022d4        0x2 ./ra/fsp/src/bsp/mcu/all/bsp_clocks.o
                0x000022d4                R_BSP_SubClockStabilizeWaitAfterReset
 *fill*         0x000022d6        0x2 
 .text.bsp_clock_init
                0x000022d8       0xd0 ./ra/fsp/src/bsp/mcu/all/bsp_clocks.o
                0x000022d8                bsp_clock_init
 .text.R_BSP_Init_RTC
                0x000023a8        0x2 ./ra/fsp/src/bsp/mcu/all/bsp_clocks.o
                0x000023a8                R_BSP_Init_RTC
 .text.bsp_init_internal
                0x000023aa        0x2 ./ra/fsp/src/bsp/mcu/all/bsp_common.o
                0x000023aa                bsp_init_internal
                0x000023aa                bsp_init
 .text.__assert_func
                0x000023ac        0x4 ./ra/fsp/src/bsp/mcu/all/bsp_common.o
                0x000023ac                __assert_func
 .text.bsp_prv_software_delay_loop
                0x000023b0        0x8 ./ra/fsp/src/bsp/mcu/all/bsp_delay.o
                0x000023b0                bsp_prv_software_delay_loop
 .text.R_BSP_SoftwareDelay
                0x000023b8       0x54 ./ra/fsp/src/bsp/mcu/all/bsp_delay.o
                0x000023b8                R_BSP_SoftwareDelay
 .text.NMI_Handler
                0x0000240c       0x40 ./ra/fsp/src/bsp/mcu/all/bsp_group_irq.o
                0x0000240c                NMI_Handler
 .text.R_BSP_IrqClearPending
                0x0000244c       0x18 ./ra/fsp/src/bsp/mcu/all/bsp_irq.o
                0x0000244c                R_BSP_IrqClearPending
 .text.R_BSP_IrqCfg
                0x00002464       0x3c ./ra/fsp/src/bsp/mcu/all/bsp_irq.o
                0x00002464                R_BSP_IrqCfg
 .text.R_BSP_IrqEnableNoClear
                0x000024a0       0x18 ./ra/fsp/src/bsp/mcu/all/bsp_irq.o
                0x000024a0                R_BSP_IrqEnableNoClear
 .text.R_BSP_IrqEnable
                0x000024b8       0x10 ./ra/fsp/src/bsp/mcu/all/bsp_irq.o
                0x000024b8                R_BSP_IrqEnable
 .text.R_BSP_IrqCfgEnable
                0x000024c8       0x10 ./ra/fsp/src/bsp/mcu/all/bsp_irq.o
                0x000024c8                R_BSP_IrqCfgEnable
 .text.bsp_irq_cfg
                0x000024d8        0x2 ./ra/fsp/src/bsp/mcu/all/bsp_irq.o
                0x000024d8                bsp_irq_cfg
 .text.Default_Handler
                0x000024da        0x4 ./ra/fsp/src/bsp/cmsis/Device/RENESAS/Source/startup.o
                0x000024da                HardFault_Handler
                0x000024da                UsageFault_Handler
                0x000024da                SecureFault_Handler
                0x000024da                Default_Handler
                0x000024da                MemManage_Handler
                0x000024da                SVC_Handler
                0x000024da                BusFault_Handler
                0x000024da                DebugMon_Handler
 *fill*         0x000024de        0x2 
 .text          0x000024e0       0x14 C:/Renesas/RA/e2studio_v2025-04.1_fsp_v6.0.0/toolchains/gcc_arm/13.2.rel1/bin/../lib/gcc/arm-none-eabi/13.2.1/thumb/v8-m.base/nofp\libgcc.a(_thumb1_case_shi.o)
                0x000024e0                __gnu_thumb1_case_shi
 .text          0x000024f4       0x3c C:/Renesas/RA/e2studio_v2025-04.1_fsp_v6.0.0/toolchains/gcc_arm/13.2.rel1/bin/../lib/gcc/arm-none-eabi/13.2.1/thumb/v8-m.base/nofp\libgcc.a(_clzsi2.o)
                0x000024f4                __clzsi2
 .text.__muldi3
                0x00002530       0x5c C:/Renesas/RA/e2studio_v2025-04.1_fsp_v6.0.0/toolchains/gcc_arm/13.2.rel1/bin/../lib/gcc/arm-none-eabi/13.2.1/thumb/v8-m.base/nofp\libgcc.a(_muldi3.o)
                0x00002530                __muldi3
                0x00002530                __aeabi_lmul
 .text.memset   0x0000258c       0x10 C:/Renesas/RA/e2studio_v2025-04.1_fsp_v6.0.0/toolchains/gcc_arm/13.2.rel1/bin/../lib/gcc/arm-none-eabi/13.2.1/thumb/v8-m.base/nofp\libg_nano.a(libc_a-memset.o)
                0x0000258c                memset
 .text.memcpy   0x0000259c       0x12 C:/Renesas/RA/e2studio_v2025-04.1_fsp_v6.0.0/toolchains/gcc_arm/13.2.rel1/bin/../lib/gcc/arm-none-eabi/13.2.1/thumb/v8-m.base/nofp\libg_nano.a(libc_a-memcpy-stub.o)
                0x0000259c                memcpy
 *(.rodata*)
 .rodata._DoInit.str1.1
                0x000025ae       0xc1 ./src/SEGGER_RTT/SEGGER_RTT.o
                                  0x9 (size before relaxing)
 .rodata._aInitStr.0
                0x0000266f       0x11 ./src/SEGGER_RTT/SEGGER_RTT.o
 .rodata.SEGGER_RTT_vprintf.str1.1
                0x00002680        0x7 ./src/SEGGER_RTT/SEGGER_RTT_printf.o
 .rodata._aV2C.0
                0x00002680       0x10 ./src/SEGGER_RTT/SEGGER_RTT_printf.o
 .rodata.sys_thread_entry.str1.1
                0x00002690       0x6e ./src/sys_thread_entry.o
 .rodata.__func__.0
                0x00002690       0x11 ./src/sys_thread_entry.o
 .rodata.g_common_init.str1.1
                0x000026a1       0x10 ./ra_gen/common_data.o
 *fill*         0x000026a1        0x3 
 .rodata.g_ioport
                0x000026a4        0xc ./ra_gen/common_data.o
                0x000026a4                g_ioport
 .rodata.g_irq_FGOUT1_cfg
                0x000026b0       0x14 ./ra_gen/common_data.o
                0x000026b0                g_irq_FGOUT1_cfg
 .rodata.g_irq_FGOUT1_ext_cfg
                0x000026c4        0x1 ./ra_gen/common_data.o
                0x000026c4                g_irq_FGOUT1_ext_cfg
 .rodata.i2c_slave_thread_create.str1.1
                0x000026c5       0x11 ./ra_gen/i2c_slave_thread.o
 .rodata.tx_application_define.str1.1
                0x000026c5       0x14 ./ra_gen/main.o
 *fill*         0x000026c5        0x3 
 .rodata.g_bsp_pin_cfg
                0x000026c8        0xc ./ra_gen/pin_data.o
                0x000026c8                g_bsp_pin_cfg
 .rodata.g_bsp_pin_cfg_data
                0x000026d4       0xd0 ./ra_gen/pin_data.o
                0x000026d4                g_bsp_pin_cfg_data
 .rodata.sys_thread_create.str1.1
                0x000027a4        0xe ./ra_gen/sys_thread.o
 .rodata.g_timer0_cfg
                0x000027a4       0x20 ./ra_gen/sys_thread.o
                0x000027a4                g_timer0_cfg
 .rodata.g_timer0_extend
                0x000027c4       0x20 ./ra_gen/sys_thread.o
                0x000027c4                g_timer0_extend
 .rodata.g_timer_channel_cfg1
                0x000027e4        0x8 ./ra_gen/sys_thread.o
                0x000027e4                g_timer_channel_cfg1
 .rodata.g_timer_channel_cfg2
                0x000027ec        0x8 ./ra_gen/sys_thread.o
                0x000027ec                g_timer_channel_cfg2
 .rodata.g_ioport_on_ioport
                0x000027f4       0x34 ./ra/fsp/src/r_ioport/r_ioport.o
                0x000027f4                g_ioport_on_ioport
 *(.mcuboot_sce9_key)
 *(.version)
 .version       0x00002828       0x50 ./ra/fsp/src/bsp/mcu/all/bsp_common.o
                0x00002878                        __flash_readonly$$Limit = .

.glue_7         0x00002878        0x0
 .glue_7        0x00002878        0x0 linker stubs

.glue_7t        0x00002878        0x0
 .glue_7t       0x00002878        0x0 linker stubs

.vfp11_veneer   0x00002878        0x0
 .vfp11_veneer  0x00002878        0x0 linker stubs

.v4_bx          0x00002878        0x0
 .v4_bx         0x00002878        0x0 linker stubs

.init           0x00002878        0x4
 .init          0x00002878        0x4 C:/Renesas/RA/e2studio_v2025-04.1_fsp_v6.0.0/toolchains/gcc_arm/13.2.rel1/bin/../lib/gcc/arm-none-eabi/13.2.1/thumb/v8-m.base/nofp/crti.o
                0x00002878                _init

.fini           0x0000287c        0x4
 .fini          0x0000287c        0x4 C:/Renesas/RA/e2studio_v2025-04.1_fsp_v6.0.0/toolchains/gcc_arm/13.2.rel1/bin/../lib/gcc/arm-none-eabi/13.2.1/thumb/v8-m.base/nofp/crti.o
                0x0000287c                _fini

.iplt           0x00002880        0x0
 .iplt          0x00002880        0x0 C:/Renesas/RA/e2studio_v2025-04.1_fsp_v6.0.0/toolchains/gcc_arm/13.2.rel1/bin/../lib/gcc/arm-none-eabi/13.2.1/thumb/v8-m.base/nofp/crtbegin.o

__flash_ctor$$
 *crtbegin.o(.ctors)
 *crtbegin?.o(.ctors)
 EXCLUDE_FILE(*crtend.o *crtend?.o) *(.ctors)
 *(SORT_BY_NAME(.ctors.*))
 *(.ctors)
 *crtbegin.o(.dtors)
 *crtbegin?.o(.dtors)
 EXCLUDE_FILE(*crtend.o *crtend?.o) *(.dtors)
 *(SORT_BY_NAME(.dtors.*))
 *(.dtors)

__flash_preinit_array$$
                0x00002880        0x0
                0x00002880                        __preinit_array_start = .
 *(.preinit_array)
                0x00002880                        __preinit_array_end = .

__flash_.got$$
 *(.got.plt)
 *(.got)

__flash_init_array$$
                0x00002880        0x4
                0x00002880                        __init_array_start = .
 *(SORT_BY_NAME(.init_array.*))
 *(.init_array)
 .init_array    0x00002880        0x4 C:/Renesas/RA/e2studio_v2025-04.1_fsp_v6.0.0/toolchains/gcc_arm/13.2.rel1/bin/../lib/gcc/arm-none-eabi/13.2.1/thumb/v8-m.base/nofp/crtbegin.o
                0x00002884                        __init_array_end = .

__flash_fini_array$$
                0x00002884        0x4
                0x00002884                        __fini_array_start = .
 *(SORT_BY_NAME(.fini_array.*))
 *(.fini_array)
 .fini_array    0x00002884        0x4 C:/Renesas/RA/e2studio_v2025-04.1_fsp_v6.0.0/toolchains/gcc_arm/13.2.rel1/bin/../lib/gcc/arm-none-eabi/13.2.1/thumb/v8-m.base/nofp/crtbegin.o
                0x00002888                        __fini_array_end = .

/DISCARD/
 *(.ARM.extab*)
 *(.gnu.linkonce.armextab.*)
 *(.ARM.exidx*)
 *(.gnu.linkonce.armexidx.*)

__flash_arm.exidx$$
                0x00002888        0x0
                0x00002888                        __exidx_start = .
                0x00002888                        __exidx_end = .

.flash.endof    0x00002a00        0x0
                0x00002a00                        __ddsc_FLASH_END = .

.option_setting_ofs0.startof
                0x00000400        0x0
                0x00000400                        __ddsc_OPTION_SETTING_OFS0_START = .

__option_setting_ofs0_reg$$
                0x00000400        0x4
                0x00000400                        __option_setting_ofs0_reg$$Base = .
 *(.option_setting_ofs0)
 .option_setting_ofs0
                0x00000400        0x4 ./ra/fsp/src/bsp/mcu/ra0e1/bsp_linker.o
                0x00000404                        __option_setting_ofs0_reg$$Limit = .

.option_setting_ofs0.endof
                0x00000404        0x0
                0x00000404                        __ddsc_OPTION_SETTING_OFS0_END = .

.option_setting_ofs1.startof
                0x00000404        0x0
                0x00000404                        __ddsc_OPTION_SETTING_OFS1_START = .

__option_setting_ofs1_reg$$
                0x00000404        0x4
                0x00000404                        __option_setting_ofs1_reg$$Base = .
 *(.option_setting_ofs1)
 .option_setting_ofs1
                0x00000404        0x4 ./ra/fsp/src/bsp/mcu/ra0e1/bsp_linker.o
                0x00000408                        __option_setting_ofs1_reg$$Limit = .

.eh_frame       0x00000408        0x0
 .eh_frame      0x00000408        0x0 C:/Renesas/RA/e2studio_v2025-04.1_fsp_v6.0.0/toolchains/gcc_arm/13.2.rel1/bin/../lib/gcc/arm-none-eabi/13.2.1/thumb/v8-m.base/nofp/crtbegin.o

.rel.dyn        0x00000408        0x0
 .rel.iplt      0x00000408        0x0 C:/Renesas/RA/e2studio_v2025-04.1_fsp_v6.0.0/toolchains/gcc_arm/13.2.rel1/bin/../lib/gcc/arm-none-eabi/13.2.1/thumb/v8-m.base/nofp/crtbegin.o

.option_setting_ofs1.endof
                0x00000408        0x0
                0x00000408                        __ddsc_OPTION_SETTING_OFS1_END = .

.option_setting_osis.startof
                0x01010018        0x0
                0x01010018                        __ddsc_OPTION_SETTING_OSIS_START = .

__option_setting_osis_reg$$
                0x01010018        0x0
                0x01010018                        __option_setting_osis_reg$$Base = .
 *(.option_setting_osis)
                0x01010018                        __option_setting_osis_reg$$Limit = .

.option_setting_osis.endof
                0x01010018        0x0
                0x01010018                        __ddsc_OPTION_SETTING_OSIS_END = .
OUTPUT(BLDC.elf elf32-littlearm)
LOAD linker stubs

.ARM.attributes
                0x00000000       0x2c
 .ARM.attributes
                0x00000000       0x22 C:/Renesas/RA/e2studio_v2025-04.1_fsp_v6.0.0/toolchains/gcc_arm/13.2.rel1/bin/../lib/gcc/arm-none-eabi/13.2.1/thumb/v8-m.base/nofp/crti.o
 .ARM.attributes
                0x00000022       0x30 C:/Renesas/RA/e2studio_v2025-04.1_fsp_v6.0.0/toolchains/gcc_arm/13.2.rel1/bin/../lib/gcc/arm-none-eabi/13.2.1/thumb/v8-m.base/nofp/crtbegin.o
 .ARM.attributes
                0x00000052       0x30 ./src/SEGGER_RTT/SEGGER_RTT.o
 .ARM.attributes
                0x00000082       0x30 ./src/SEGGER_RTT/SEGGER_RTT_printf.o
 .ARM.attributes
                0x000000b2       0x30 ./src/hal_entry.o
 .ARM.attributes
                0x000000e2       0x30 ./src/i2c_slave_thread_entry.o
 .ARM.attributes
                0x00000112       0x30 ./src/sys_thread_entry.o
 .ARM.attributes
                0x00000142       0x30 ./ra_gen/common_data.o
 .ARM.attributes
                0x00000172       0x30 ./ra_gen/hal_data.o
 .ARM.attributes
                0x000001a2       0x30 ./ra_gen/i2c_slave_thread.o
 .ARM.attributes
                0x000001d2       0x30 ./ra_gen/main.o
 .ARM.attributes
                0x00000202       0x30 ./ra_gen/pin_data.o
 .ARM.attributes
                0x00000232       0x30 ./ra_gen/sys_thread.o
 .ARM.attributes
                0x00000262       0x30 ./ra_gen/vector_data.o
 .ARM.attributes
                0x00000292       0x30 ./ra/microsoft/azure-rtos/threadx/common/src/tx_event_flags_create.o
 .ARM.attributes
                0x000002c2       0x30 ./ra/microsoft/azure-rtos/threadx/common/src/tx_initialize_high_level.o
 .ARM.attributes
                0x000002f2       0x30 ./ra/microsoft/azure-rtos/threadx/common/src/tx_initialize_kernel_enter.o
 .ARM.attributes
                0x00000322       0x30 ./ra/microsoft/azure-rtos/threadx/common/src/tx_semaphore_cleanup.o
 .ARM.attributes
                0x00000352       0x30 ./ra/microsoft/azure-rtos/threadx/common/src/tx_semaphore_create.o
 .ARM.attributes
                0x00000382       0x30 ./ra/microsoft/azure-rtos/threadx/common/src/tx_semaphore_get.o
 .ARM.attributes
                0x000003b2       0x30 ./ra/microsoft/azure-rtos/threadx/common/src/tx_semaphore_put.o
 .ARM.attributes
                0x000003e2       0x30 ./ra/microsoft/azure-rtos/threadx/common/src/tx_thread_create.o
 .ARM.attributes
                0x00000412       0x30 ./ra/microsoft/azure-rtos/threadx/common/src/tx_thread_initialize.o
 .ARM.attributes
                0x00000442       0x30 ./ra/microsoft/azure-rtos/threadx/common/src/tx_thread_shell_entry.o
 .ARM.attributes
                0x00000472       0x30 ./ra/microsoft/azure-rtos/threadx/common/src/tx_thread_sleep.o
 .ARM.attributes
                0x000004a2       0x30 ./ra/microsoft/azure-rtos/threadx/common/src/tx_thread_system_preempt_check.o
 .ARM.attributes
                0x000004d2       0x30 ./ra/microsoft/azure-rtos/threadx/common/src/tx_thread_system_resume.o
 .ARM.attributes
                0x00000502       0x30 ./ra/microsoft/azure-rtos/threadx/common/src/tx_thread_system_suspend.o
 .ARM.attributes
                0x00000532       0x30 ./ra/microsoft/azure-rtos/threadx/common/src/tx_thread_time_slice.o
 .ARM.attributes
                0x00000562       0x30 ./ra/microsoft/azure-rtos/threadx/common/src/tx_thread_timeout.o
 .ARM.attributes
                0x00000592       0x30 ./ra/microsoft/azure-rtos/threadx/common/src/tx_timer_expiration_process.o
 .ARM.attributes
                0x000005c2       0x30 ./ra/microsoft/azure-rtos/threadx/common/src/tx_timer_initialize.o
 .ARM.attributes
                0x000005f2       0x30 ./ra/microsoft/azure-rtos/threadx/common/src/tx_timer_system_activate.o
 .ARM.attributes
                0x00000622       0x30 ./ra/microsoft/azure-rtos/threadx/common/src/tx_timer_system_deactivate.o
 .ARM.attributes
                0x00000652       0x30 ./ra/microsoft/azure-rtos/threadx/common/src/txe_event_flags_create.o
 .ARM.attributes
                0x00000682       0x30 ./ra/microsoft/azure-rtos/threadx/common/src/txe_semaphore_create.o
 .ARM.attributes
                0x000006b2       0x30 ./ra/microsoft/azure-rtos/threadx/common/src/txe_semaphore_get.o
 .ARM.attributes
                0x000006e2       0x30 ./ra/microsoft/azure-rtos/threadx/common/src/txe_semaphore_put.o
 .ARM.attributes
                0x00000712       0x30 ./ra/microsoft/azure-rtos/threadx/common/src/txe_thread_create.o
 .ARM.attributes
                0x00000742       0x30 ./ra/fsp/src/rm_threadx_port/tx_initialize_low_level.o
 .ARM.attributes
                0x00000772       0x30 ./ra/fsp/src/rm_threadx_port/tx_port_wait_thread_ready.o
 .ARM.attributes
                0x000007a2       0x30 ./ra/fsp/src/rm_threadx_port/tx_thread_schedule.o
 .ARM.attributes
                0x000007d2       0x30 ./ra/fsp/src/rm_threadx_port/tx_thread_stack_build.o
 .ARM.attributes
                0x00000802       0x30 ./ra/fsp/src/rm_threadx_port/tx_timer_interrupt.o
 .ARM.attributes
                0x00000832       0x30 ./ra/fsp/src/r_tau_pwm/r_tau_pwm.o
 .ARM.attributes
                0x00000862       0x30 ./ra/fsp/src/r_ioport/r_ioport.o
 .ARM.attributes
                0x00000892       0x30 ./ra/fsp/src/r_iica_slave/r_iica_slave.o
 .ARM.attributes
                0x000008c2       0x30 ./ra/fsp/src/r_icu/r_icu.o
 .ARM.attributes
                0x000008f2       0x30 ./ra/fsp/src/bsp/mcu/ra0e1/bsp_linker.o
 .ARM.attributes
                0x00000922       0x30 ./ra/fsp/src/bsp/mcu/all/bsp_clocks.o
 .ARM.attributes
                0x00000952       0x30 ./ra/fsp/src/bsp/mcu/all/bsp_common.o
 .ARM.attributes
                0x00000982       0x30 ./ra/fsp/src/bsp/mcu/all/bsp_delay.o
 .ARM.attributes
                0x000009b2       0x30 ./ra/fsp/src/bsp/mcu/all/bsp_group_irq.o
 .ARM.attributes
                0x000009e2       0x30 ./ra/fsp/src/bsp/mcu/all/bsp_io.o
 .ARM.attributes
                0x00000a12       0x30 ./ra/fsp/src/bsp/mcu/all/bsp_irq.o
 .ARM.attributes
                0x00000a42       0x30 ./ra/fsp/src/bsp/cmsis/Device/RENESAS/Source/startup.o
 .ARM.attributes
                0x00000a72       0x30 ./ra/fsp/src/bsp/cmsis/Device/RENESAS/Source/system.o
 .ARM.attributes
                0x00000aa2       0x22 C:/Renesas/RA/e2studio_v2025-04.1_fsp_v6.0.0/toolchains/gcc_arm/13.2.rel1/bin/../lib/gcc/arm-none-eabi/13.2.1/thumb/v8-m.base/nofp\libgcc.a(_thumb1_case_shi.o)
 .ARM.attributes
                0x00000ac4       0x22 C:/Renesas/RA/e2studio_v2025-04.1_fsp_v6.0.0/toolchains/gcc_arm/13.2.rel1/bin/../lib/gcc/arm-none-eabi/13.2.1/thumb/v8-m.base/nofp\libgcc.a(_clzsi2.o)
 .ARM.attributes
                0x00000ae6       0x30 C:/Renesas/RA/e2studio_v2025-04.1_fsp_v6.0.0/toolchains/gcc_arm/13.2.rel1/bin/../lib/gcc/arm-none-eabi/13.2.1/thumb/v8-m.base/nofp\libgcc.a(_muldi3.o)
 .ARM.attributes
                0x00000b16       0x30 C:/Renesas/RA/e2studio_v2025-04.1_fsp_v6.0.0/toolchains/gcc_arm/13.2.rel1/bin/../lib/gcc/arm-none-eabi/13.2.1/thumb/v8-m.base/nofp\libg_nano.a(libc_a-memset.o)
 .ARM.attributes
                0x00000b46       0x30 C:/Renesas/RA/e2studio_v2025-04.1_fsp_v6.0.0/toolchains/gcc_arm/13.2.rel1/bin/../lib/gcc/arm-none-eabi/13.2.1/thumb/v8-m.base/nofp\libg_nano.a(libc_a-memcpy-stub.o)
 .ARM.attributes
                0x00000b76       0x30 C:/Renesas/RA/e2studio_v2025-04.1_fsp_v6.0.0/toolchains/gcc_arm/13.2.rel1/bin/../lib/gcc/arm-none-eabi/13.2.1/thumb/v8-m.base/nofp/crtend.o

.comment        0x00000000       0x44
 .comment       0x00000000       0x44 ./src/SEGGER_RTT/SEGGER_RTT.o
                                 0x45 (size before relaxing)
 .comment       0x00000044       0x45 ./src/SEGGER_RTT/SEGGER_RTT_printf.o
 .comment       0x00000044       0x45 ./src/hal_entry.o
 .comment       0x00000044       0x45 ./src/i2c_slave_thread_entry.o
 .comment       0x00000044       0x45 ./src/sys_thread_entry.o
 .comment       0x00000044       0x45 ./ra_gen/common_data.o
 .comment       0x00000044       0x45 ./ra_gen/hal_data.o
 .comment       0x00000044       0x45 ./ra_gen/i2c_slave_thread.o
 .comment       0x00000044       0x45 ./ra_gen/main.o
 .comment       0x00000044       0x45 ./ra_gen/pin_data.o
 .comment       0x00000044       0x45 ./ra_gen/sys_thread.o
 .comment       0x00000044       0x45 ./ra_gen/vector_data.o
 .comment       0x00000044       0x45 ./ra/microsoft/azure-rtos/threadx/common/src/tx_event_flags_create.o
 .comment       0x00000044       0x45 ./ra/microsoft/azure-rtos/threadx/common/src/tx_initialize_high_level.o
 .comment       0x00000044       0x45 ./ra/microsoft/azure-rtos/threadx/common/src/tx_initialize_kernel_enter.o
 .comment       0x00000044       0x45 ./ra/microsoft/azure-rtos/threadx/common/src/tx_semaphore_cleanup.o
 .comment       0x00000044       0x45 ./ra/microsoft/azure-rtos/threadx/common/src/tx_semaphore_create.o
 .comment       0x00000044       0x45 ./ra/microsoft/azure-rtos/threadx/common/src/tx_semaphore_get.o
 .comment       0x00000044       0x45 ./ra/microsoft/azure-rtos/threadx/common/src/tx_semaphore_put.o
 .comment       0x00000044       0x45 ./ra/microsoft/azure-rtos/threadx/common/src/tx_thread_create.o
 .comment       0x00000044       0x45 ./ra/microsoft/azure-rtos/threadx/common/src/tx_thread_initialize.o
 .comment       0x00000044       0x45 ./ra/microsoft/azure-rtos/threadx/common/src/tx_thread_shell_entry.o
 .comment       0x00000044       0x45 ./ra/microsoft/azure-rtos/threadx/common/src/tx_thread_sleep.o
 .comment       0x00000044       0x45 ./ra/microsoft/azure-rtos/threadx/common/src/tx_thread_system_preempt_check.o
 .comment       0x00000044       0x45 ./ra/microsoft/azure-rtos/threadx/common/src/tx_thread_system_resume.o
 .comment       0x00000044       0x45 ./ra/microsoft/azure-rtos/threadx/common/src/tx_thread_system_suspend.o
 .comment       0x00000044       0x45 ./ra/microsoft/azure-rtos/threadx/common/src/tx_thread_time_slice.o
 .comment       0x00000044       0x45 ./ra/microsoft/azure-rtos/threadx/common/src/tx_thread_timeout.o
 .comment       0x00000044       0x45 ./ra/microsoft/azure-rtos/threadx/common/src/tx_timer_expiration_process.o
 .comment       0x00000044       0x45 ./ra/microsoft/azure-rtos/threadx/common/src/tx_timer_initialize.o
 .comment       0x00000044       0x45 ./ra/microsoft/azure-rtos/threadx/common/src/tx_timer_system_activate.o
 .comment       0x00000044       0x45 ./ra/microsoft/azure-rtos/threadx/common/src/tx_timer_system_deactivate.o
 .comment       0x00000044       0x45 ./ra/microsoft/azure-rtos/threadx/common/src/txe_event_flags_create.o
 .comment       0x00000044       0x45 ./ra/microsoft/azure-rtos/threadx/common/src/txe_semaphore_create.o
 .comment       0x00000044       0x45 ./ra/microsoft/azure-rtos/threadx/common/src/txe_semaphore_get.o
 .comment       0x00000044       0x45 ./ra/microsoft/azure-rtos/threadx/common/src/txe_semaphore_put.o
 .comment       0x00000044       0x45 ./ra/microsoft/azure-rtos/threadx/common/src/txe_thread_create.o
 .comment       0x00000044       0x45 ./ra/fsp/src/rm_threadx_port/tx_initialize_low_level.o
 .comment       0x00000044       0x45 ./ra/fsp/src/rm_threadx_port/tx_port_wait_thread_ready.o
 .comment       0x00000044       0x45 ./ra/fsp/src/rm_threadx_port/tx_thread_schedule.o
 .comment       0x00000044       0x45 ./ra/fsp/src/rm_threadx_port/tx_thread_stack_build.o
 .comment       0x00000044       0x45 ./ra/fsp/src/rm_threadx_port/tx_timer_interrupt.o
 .comment       0x00000044       0x45 ./ra/fsp/src/r_tau_pwm/r_tau_pwm.o
 .comment       0x00000044       0x45 ./ra/fsp/src/r_ioport/r_ioport.o
 .comment       0x00000044       0x45 ./ra/fsp/src/r_iica_slave/r_iica_slave.o
 .comment       0x00000044       0x45 ./ra/fsp/src/r_icu/r_icu.o
 .comment       0x00000044       0x45 ./ra/fsp/src/bsp/mcu/ra0e1/bsp_linker.o
 .comment       0x00000044       0x45 ./ra/fsp/src/bsp/mcu/all/bsp_clocks.o
 .comment       0x00000044       0x45 ./ra/fsp/src/bsp/mcu/all/bsp_common.o
 .comment       0x00000044       0x45 ./ra/fsp/src/bsp/mcu/all/bsp_delay.o
 .comment       0x00000044       0x45 ./ra/fsp/src/bsp/mcu/all/bsp_group_irq.o
 .comment       0x00000044       0x45 ./ra/fsp/src/bsp/mcu/all/bsp_io.o
 .comment       0x00000044       0x45 ./ra/fsp/src/bsp/mcu/all/bsp_irq.o
 .comment       0x00000044       0x45 ./ra/fsp/src/bsp/cmsis/Device/RENESAS/Source/startup.o
 .comment       0x00000044       0x45 ./ra/fsp/src/bsp/cmsis/Device/RENESAS/Source/system.o

.debug_info     0x00000000    0x2988e
 .debug_info    0x00000000     0x1e0f ./src/SEGGER_RTT/SEGGER_RTT.o
 .debug_info    0x00001e0f      0x5fb ./src/SEGGER_RTT/SEGGER_RTT_printf.o
 .debug_info    0x0000240a     0x1e0f ./src/hal_entry.o
 .debug_info    0x00004219     0x17f6 ./src/i2c_slave_thread_entry.o
 .debug_info    0x00005a0f     0x1b88 ./src/sys_thread_entry.o
 .debug_info    0x00007597     0x1b2a ./ra_gen/common_data.o
 .debug_info    0x000090c1       0xad ./ra_gen/hal_data.o
 .debug_info    0x0000916e     0x2304 ./ra_gen/i2c_slave_thread.o
 .debug_info    0x0000b472      0x6e4 ./ra_gen/main.o
 .debug_info    0x0000bb56      0x952 ./ra_gen/pin_data.o
 .debug_info    0x0000c4a8     0x15b5 ./ra_gen/sys_thread.o
 .debug_info    0x0000da5d       0xcc ./ra_gen/vector_data.o
 .debug_info    0x0000db29      0x64e ./ra/microsoft/azure-rtos/threadx/common/src/tx_event_flags_create.o
 .debug_info    0x0000e177      0x8d5 ./ra/microsoft/azure-rtos/threadx/common/src/tx_initialize_high_level.o
 .debug_info    0x0000ea4c      0x123 ./ra/microsoft/azure-rtos/threadx/common/src/tx_initialize_kernel_enter.o
 .debug_info    0x0000eb6f      0x690 ./ra/microsoft/azure-rtos/threadx/common/src/tx_semaphore_cleanup.o
 .debug_info    0x0000f1ff      0x643 ./ra/microsoft/azure-rtos/threadx/common/src/tx_semaphore_create.o
 .debug_info    0x0000f842      0x673 ./ra/microsoft/azure-rtos/threadx/common/src/tx_semaphore_get.o
 .debug_info    0x0000feb5      0x639 ./ra/microsoft/azure-rtos/threadx/common/src/tx_semaphore_put.o
 .debug_info    0x000104ee      0x81b ./ra/microsoft/azure-rtos/threadx/common/src/tx_thread_create.o
 .debug_info    0x00010d09      0x5dd ./ra/microsoft/azure-rtos/threadx/common/src/tx_thread_initialize.o
 .debug_info    0x000112e6      0x580 ./ra/microsoft/azure-rtos/threadx/common/src/tx_thread_shell_entry.o
 .debug_info    0x00011866      0x622 ./ra/microsoft/azure-rtos/threadx/common/src/tx_thread_sleep.o
 .debug_info    0x00011e88      0x6cd ./ra/microsoft/azure-rtos/threadx/common/src/tx_thread_system_preempt_check.o
 .debug_info    0x00012555      0x859 ./ra/microsoft/azure-rtos/threadx/common/src/tx_thread_system_resume.o
 .debug_info    0x00012dae      0x9a0 ./ra/microsoft/azure-rtos/threadx/common/src/tx_thread_system_suspend.o
 .debug_info    0x0001374e      0x564 ./ra/microsoft/azure-rtos/threadx/common/src/tx_thread_time_slice.o
 .debug_info    0x00013cb2      0x5ca ./ra/microsoft/azure-rtos/threadx/common/src/tx_thread_timeout.o
 .debug_info    0x0001427c      0x3d1 ./ra/microsoft/azure-rtos/threadx/common/src/tx_timer_expiration_process.o
 .debug_info    0x0001464d      0x2e6 ./ra/microsoft/azure-rtos/threadx/common/src/tx_timer_initialize.o
 .debug_info    0x00014933      0x1da ./ra/microsoft/azure-rtos/threadx/common/src/tx_timer_system_activate.o
 .debug_info    0x00014b0d      0x183 ./ra/microsoft/azure-rtos/threadx/common/src/tx_timer_system_deactivate.o
 .debug_info    0x00014c90      0x74b ./ra/microsoft/azure-rtos/threadx/common/src/txe_event_flags_create.o
 .debug_info    0x000153db      0x74e ./ra/microsoft/azure-rtos/threadx/common/src/txe_semaphore_create.o
 .debug_info    0x00015b29      0x58a ./ra/microsoft/azure-rtos/threadx/common/src/txe_semaphore_get.o
 .debug_info    0x000160b3      0x4f6 ./ra/microsoft/azure-rtos/threadx/common/src/txe_semaphore_put.o
 .debug_info    0x000165a9      0x7e1 ./ra/microsoft/azure-rtos/threadx/common/src/txe_thread_create.o
 .debug_info    0x00016d8a      0x535 ./ra/fsp/src/rm_threadx_port/tx_initialize_low_level.o
 .debug_info    0x000172bf     0x10b9 ./ra/fsp/src/rm_threadx_port/tx_port_wait_thread_ready.o
 .debug_info    0x00018378      0x673 ./ra/fsp/src/rm_threadx_port/tx_thread_schedule.o
 .debug_info    0x000189eb      0x4c8 ./ra/fsp/src/rm_threadx_port/tx_thread_stack_build.o
 .debug_info    0x00018eb3      0x5d6 ./ra/fsp/src/rm_threadx_port/tx_timer_interrupt.o
 .debug_info    0x00019489     0x2c08 ./ra/fsp/src/r_tau_pwm/r_tau_pwm.o
 .debug_info    0x0001c091     0x2489 ./ra/fsp/src/r_ioport/r_ioport.o
 .debug_info    0x0001e51a     0x3230 ./ra/fsp/src/r_iica_slave/r_iica_slave.o
 .debug_info    0x0002174a     0x1f66 ./ra/fsp/src/r_icu/r_icu.o
 .debug_info    0x000236b0      0x332 ./ra/fsp/src/bsp/mcu/ra0e1/bsp_linker.o
 .debug_info    0x000239e2     0x2d7a ./ra/fsp/src/bsp/mcu/all/bsp_clocks.o
 .debug_info    0x0002675c      0x954 ./ra/fsp/src/bsp/mcu/all/bsp_common.o
 .debug_info    0x000270b0      0x1ef ./ra/fsp/src/bsp/mcu/all/bsp_delay.o
 .debug_info    0x0002729f     0x1873 ./ra/fsp/src/bsp/mcu/all/bsp_group_irq.o
 .debug_info    0x00028b12       0xb2 ./ra/fsp/src/bsp/mcu/all/bsp_io.o
 .debug_info    0x00028bc4      0x60c ./ra/fsp/src/bsp/mcu/all/bsp_irq.o
 .debug_info    0x000291d0      0x187 ./ra/fsp/src/bsp/cmsis/Device/RENESAS/Source/startup.o
 .debug_info    0x00029357      0x537 ./ra/fsp/src/bsp/cmsis/Device/RENESAS/Source/system.o

.debug_abbrev   0x00000000     0x6e49
 .debug_abbrev  0x00000000      0x2e3 ./src/SEGGER_RTT/SEGGER_RTT.o
 .debug_abbrev  0x000002e3      0x2ae ./src/SEGGER_RTT/SEGGER_RTT_printf.o
 .debug_abbrev  0x00000591      0x23a ./src/hal_entry.o
 .debug_abbrev  0x000007cb      0x3f3 ./src/i2c_slave_thread_entry.o
 .debug_abbrev  0x00000bbe      0x2b1 ./src/sys_thread_entry.o
 .debug_abbrev  0x00000e6f      0x1ef ./ra_gen/common_data.o
 .debug_abbrev  0x0000105e       0x5f ./ra_gen/hal_data.o
 .debug_abbrev  0x000010bd      0x348 ./ra_gen/i2c_slave_thread.o
 .debug_abbrev  0x00001405      0x1a5 ./ra_gen/main.o
 .debug_abbrev  0x000015aa       0xe0 ./ra_gen/pin_data.o
 .debug_abbrev  0x0000168a      0x24d ./ra_gen/sys_thread.o
 .debug_abbrev  0x000018d7       0x86 ./ra_gen/vector_data.o
 .debug_abbrev  0x0000195d      0x1c5 ./ra/microsoft/azure-rtos/threadx/common/src/tx_event_flags_create.o
 .debug_abbrev  0x00001b22      0x10f ./ra/microsoft/azure-rtos/threadx/common/src/tx_initialize_high_level.o
 .debug_abbrev  0x00001c31       0xd7 ./ra/microsoft/azure-rtos/threadx/common/src/tx_initialize_kernel_enter.o
 .debug_abbrev  0x00001d08      0x1d2 ./ra/microsoft/azure-rtos/threadx/common/src/tx_semaphore_cleanup.o
 .debug_abbrev  0x00001eda      0x1c7 ./ra/microsoft/azure-rtos/threadx/common/src/tx_semaphore_create.o
 .debug_abbrev  0x000020a1      0x1ef ./ra/microsoft/azure-rtos/threadx/common/src/tx_semaphore_get.o
 .debug_abbrev  0x00002290      0x1ca ./ra/microsoft/azure-rtos/threadx/common/src/tx_semaphore_put.o
 .debug_abbrev  0x0000245a      0x26f ./ra/microsoft/azure-rtos/threadx/common/src/tx_thread_create.o
 .debug_abbrev  0x000026c9      0x102 ./ra/microsoft/azure-rtos/threadx/common/src/tx_thread_initialize.o
 .debug_abbrev  0x000027cb      0x1aa ./ra/microsoft/azure-rtos/threadx/common/src/tx_thread_shell_entry.o
 .debug_abbrev  0x00002975      0x1f8 ./ra/microsoft/azure-rtos/threadx/common/src/tx_thread_sleep.o
 .debug_abbrev  0x00002b6d      0x214 ./ra/microsoft/azure-rtos/threadx/common/src/tx_thread_system_preempt_check.o
 .debug_abbrev  0x00002d81      0x289 ./ra/microsoft/azure-rtos/threadx/common/src/tx_thread_system_resume.o
 .debug_abbrev  0x0000300a      0x2d3 ./ra/microsoft/azure-rtos/threadx/common/src/tx_thread_system_suspend.o
 .debug_abbrev  0x000032dd      0x1af ./ra/microsoft/azure-rtos/threadx/common/src/tx_thread_time_slice.o
 .debug_abbrev  0x0000348c      0x1da ./ra/microsoft/azure-rtos/threadx/common/src/tx_thread_timeout.o
 .debug_abbrev  0x00003666      0x1f8 ./ra/microsoft/azure-rtos/threadx/common/src/tx_timer_expiration_process.o
 .debug_abbrev  0x0000385e       0xe1 ./ra/microsoft/azure-rtos/threadx/common/src/tx_timer_initialize.o
 .debug_abbrev  0x0000393f       0xd9 ./ra/microsoft/azure-rtos/threadx/common/src/tx_timer_system_activate.o
 .debug_abbrev  0x00003a18       0xc4 ./ra/microsoft/azure-rtos/threadx/common/src/tx_timer_system_deactivate.o
 .debug_abbrev  0x00003adc      0x227 ./ra/microsoft/azure-rtos/threadx/common/src/txe_event_flags_create.o
 .debug_abbrev  0x00003d03      0x227 ./ra/microsoft/azure-rtos/threadx/common/src/txe_semaphore_create.o
 .debug_abbrev  0x00003f2a      0x15f ./ra/microsoft/azure-rtos/threadx/common/src/txe_semaphore_get.o
 .debug_abbrev  0x00004089       0xf9 ./ra/microsoft/azure-rtos/threadx/common/src/txe_semaphore_put.o
 .debug_abbrev  0x00004182      0x23c ./ra/microsoft/azure-rtos/threadx/common/src/txe_thread_create.o
 .debug_abbrev  0x000043be      0x200 ./ra/fsp/src/rm_threadx_port/tx_initialize_low_level.o
 .debug_abbrev  0x000045be      0x209 ./ra/fsp/src/rm_threadx_port/tx_port_wait_thread_ready.o
 .debug_abbrev  0x000047c7      0x1ea ./ra/fsp/src/rm_threadx_port/tx_thread_schedule.o
 .debug_abbrev  0x000049b1      0x115 ./ra/fsp/src/rm_threadx_port/tx_thread_stack_build.o
 .debug_abbrev  0x00004ac6      0x141 ./ra/fsp/src/rm_threadx_port/tx_timer_interrupt.o
 .debug_abbrev  0x00004c07      0x526 ./ra/fsp/src/r_tau_pwm/r_tau_pwm.o
 .debug_abbrev  0x0000512d      0x40d ./ra/fsp/src/r_ioport/r_ioport.o
 .debug_abbrev  0x0000553a      0x5ab ./ra/fsp/src/r_iica_slave/r_iica_slave.o
 .debug_abbrev  0x00005ae5      0x3fe ./ra/fsp/src/r_icu/r_icu.o
 .debug_abbrev  0x00005ee3       0xe3 ./ra/fsp/src/bsp/mcu/ra0e1/bsp_linker.o
 .debug_abbrev  0x00005fc6      0x3a6 ./ra/fsp/src/bsp/mcu/all/bsp_clocks.o
 .debug_abbrev  0x0000636c      0x188 ./ra/fsp/src/bsp/mcu/all/bsp_common.o
 .debug_abbrev  0x000064f4       0xf0 ./ra/fsp/src/bsp/mcu/all/bsp_delay.o
 .debug_abbrev  0x000065e4      0x248 ./ra/fsp/src/bsp/mcu/all/bsp_group_irq.o
 .debug_abbrev  0x0000682c       0x5e ./ra/fsp/src/bsp/mcu/all/bsp_io.o
 .debug_abbrev  0x0000688a      0x22a ./ra/fsp/src/bsp/mcu/all/bsp_irq.o
 .debug_abbrev  0x00006ab4      0x102 ./ra/fsp/src/bsp/cmsis/Device/RENESAS/Source/startup.o
 .debug_abbrev  0x00006bb6      0x293 ./ra/fsp/src/bsp/cmsis/Device/RENESAS/Source/system.o

.debug_loclists
                0x00000000     0x51d8
 .debug_loclists
                0x00000000     0x1958 ./src/SEGGER_RTT/SEGGER_RTT.o
 .debug_loclists
                0x00001958      0x600 ./src/SEGGER_RTT/SEGGER_RTT_printf.o
 .debug_loclists
                0x00001f58       0x40 ./src/hal_entry.o
 .debug_loclists
                0x00001f98       0xd6 ./src/i2c_slave_thread_entry.o
 .debug_loclists
                0x0000206e       0xb1 ./src/sys_thread_entry.o
 .debug_loclists
                0x0000211f       0x17 ./ra_gen/common_data.o
 .debug_loclists
                0x00002136       0x34 ./ra_gen/i2c_slave_thread.o
 .debug_loclists
                0x0000216a       0x48 ./ra_gen/main.o
 .debug_loclists
                0x000021b2       0x34 ./ra_gen/sys_thread.o
 .debug_loclists
                0x000021e6       0xbb ./ra/microsoft/azure-rtos/threadx/common/src/tx_event_flags_create.o
 .debug_loclists
                0x000022a1       0xc5 ./ra/microsoft/azure-rtos/threadx/common/src/tx_semaphore_cleanup.o
 .debug_loclists
                0x00002366       0xe6 ./ra/microsoft/azure-rtos/threadx/common/src/tx_semaphore_create.o
 .debug_loclists
                0x0000244c      0x116 ./ra/microsoft/azure-rtos/threadx/common/src/tx_semaphore_get.o
 .debug_loclists
                0x00002562       0xd7 ./ra/microsoft/azure-rtos/threadx/common/src/tx_semaphore_put.o
 .debug_loclists
                0x00002639      0x170 ./ra/microsoft/azure-rtos/threadx/common/src/tx_thread_create.o
 .debug_loclists
                0x000027a9       0x38 ./ra/microsoft/azure-rtos/threadx/common/src/tx_thread_shell_entry.o
 .debug_loclists
                0x000027e1       0xd5 ./ra/microsoft/azure-rtos/threadx/common/src/tx_thread_sleep.o
 .debug_loclists
                0x000028b6       0x6d ./ra/microsoft/azure-rtos/threadx/common/src/tx_thread_system_preempt_check.o
 .debug_loclists
                0x00002923      0x143 ./ra/microsoft/azure-rtos/threadx/common/src/tx_thread_system_resume.o
 .debug_loclists
                0x00002a66      0x20f ./ra/microsoft/azure-rtos/threadx/common/src/tx_thread_system_suspend.o
 .debug_loclists
                0x00002c75       0x38 ./ra/microsoft/azure-rtos/threadx/common/src/tx_thread_time_slice.o
 .debug_loclists
                0x00002cad       0xbf ./ra/microsoft/azure-rtos/threadx/common/src/tx_thread_timeout.o
 .debug_loclists
                0x00002d6c       0xf4 ./ra/microsoft/azure-rtos/threadx/common/src/tx_timer_expiration_process.o
 .debug_loclists
                0x00002e60       0xce ./ra/microsoft/azure-rtos/threadx/common/src/tx_timer_system_activate.o
 .debug_loclists
                0x00002f2e       0x47 ./ra/microsoft/azure-rtos/threadx/common/src/tx_timer_system_deactivate.o
 .debug_loclists
                0x00002f75      0x151 ./ra/microsoft/azure-rtos/threadx/common/src/txe_event_flags_create.o
 .debug_loclists
                0x000030c6      0x184 ./ra/microsoft/azure-rtos/threadx/common/src/txe_semaphore_create.o
 .debug_loclists
                0x0000324a       0x64 ./ra/microsoft/azure-rtos/threadx/common/src/txe_semaphore_get.o
 .debug_loclists
                0x000032ae       0x29 ./ra/microsoft/azure-rtos/threadx/common/src/txe_semaphore_put.o
 .debug_loclists
                0x000032d7      0x1f9 ./ra/microsoft/azure-rtos/threadx/common/src/txe_thread_create.o
 .debug_loclists
                0x000034d0      0x121 ./ra/fsp/src/rm_threadx_port/tx_initialize_low_level.o
 .debug_loclists
                0x000035f1       0x29 ./ra/fsp/src/rm_threadx_port/tx_port_wait_thread_ready.o
 .debug_loclists
                0x0000361a       0x17 ./ra/fsp/src/rm_threadx_port/tx_thread_schedule.o
 .debug_loclists
                0x00003631       0x7a ./ra/fsp/src/rm_threadx_port/tx_thread_stack_build.o
 .debug_loclists
                0x000036ab      0x73c ./ra/fsp/src/r_tau_pwm/r_tau_pwm.o
 .debug_loclists
                0x00003de7      0x821 ./ra/fsp/src/r_ioport/r_ioport.o
 .debug_loclists
                0x00004608      0x3c1 ./ra/fsp/src/r_iica_slave/r_iica_slave.o
 .debug_loclists
                0x000049c9      0x1f7 ./ra/fsp/src/r_icu/r_icu.o
 .debug_loclists
                0x00004bc0      0x21d ./ra/fsp/src/bsp/mcu/all/bsp_clocks.o
 .debug_loclists
                0x00004ddd       0x29 ./ra/fsp/src/bsp/mcu/all/bsp_common.o
 .debug_loclists
                0x00004e06      0x108 ./ra/fsp/src/bsp/mcu/all/bsp_delay.o
 .debug_loclists
                0x00004f0e       0x86 ./ra/fsp/src/bsp/mcu/all/bsp_group_irq.o
 .debug_loclists
                0x00004f94      0x1b5 ./ra/fsp/src/bsp/mcu/all/bsp_irq.o
 .debug_loclists
                0x00005149       0x8f ./ra/fsp/src/bsp/cmsis/Device/RENESAS/Source/system.o

.debug_aranges  0x00000000      0xa68
 .debug_aranges
                0x00000000      0x140 ./src/SEGGER_RTT/SEGGER_RTT.o
 .debug_aranges
                0x00000140       0x38 ./src/SEGGER_RTT/SEGGER_RTT_printf.o
 .debug_aranges
                0x00000178       0x28 ./src/hal_entry.o
 .debug_aranges
                0x000001a0       0x28 ./src/i2c_slave_thread_entry.o
 .debug_aranges
                0x000001c8       0x30 ./src/sys_thread_entry.o
 .debug_aranges
                0x000001f8       0x20 ./ra_gen/common_data.o
 .debug_aranges
                0x00000218       0x20 ./ra_gen/hal_data.o
 .debug_aranges
                0x00000238       0x28 ./ra_gen/i2c_slave_thread.o
 .debug_aranges
                0x00000260       0x40 ./ra_gen/main.o
 .debug_aranges
                0x000002a0       0x18 ./ra_gen/pin_data.o
 .debug_aranges
                0x000002b8       0x28 ./ra_gen/sys_thread.o
 .debug_aranges
                0x000002e0       0x18 ./ra_gen/vector_data.o
 .debug_aranges
                0x000002f8       0x20 ./ra/microsoft/azure-rtos/threadx/common/src/tx_event_flags_create.o
 .debug_aranges
                0x00000318       0x20 ./ra/microsoft/azure-rtos/threadx/common/src/tx_initialize_high_level.o
 .debug_aranges
                0x00000338       0x20 ./ra/microsoft/azure-rtos/threadx/common/src/tx_initialize_kernel_enter.o
 .debug_aranges
                0x00000358       0x20 ./ra/microsoft/azure-rtos/threadx/common/src/tx_semaphore_cleanup.o
 .debug_aranges
                0x00000378       0x20 ./ra/microsoft/azure-rtos/threadx/common/src/tx_semaphore_create.o
 .debug_aranges
                0x00000398       0x20 ./ra/microsoft/azure-rtos/threadx/common/src/tx_semaphore_get.o
 .debug_aranges
                0x000003b8       0x20 ./ra/microsoft/azure-rtos/threadx/common/src/tx_semaphore_put.o
 .debug_aranges
                0x000003d8       0x20 ./ra/microsoft/azure-rtos/threadx/common/src/tx_thread_create.o
 .debug_aranges
                0x000003f8       0x20 ./ra/microsoft/azure-rtos/threadx/common/src/tx_thread_initialize.o
 .debug_aranges
                0x00000418       0x20 ./ra/microsoft/azure-rtos/threadx/common/src/tx_thread_shell_entry.o
 .debug_aranges
                0x00000438       0x20 ./ra/microsoft/azure-rtos/threadx/common/src/tx_thread_sleep.o
 .debug_aranges
                0x00000458       0x20 ./ra/microsoft/azure-rtos/threadx/common/src/tx_thread_system_preempt_check.o
 .debug_aranges
                0x00000478       0x28 ./ra/microsoft/azure-rtos/threadx/common/src/tx_thread_system_resume.o
 .debug_aranges
                0x000004a0       0x28 ./ra/microsoft/azure-rtos/threadx/common/src/tx_thread_system_suspend.o
 .debug_aranges
                0x000004c8       0x20 ./ra/microsoft/azure-rtos/threadx/common/src/tx_thread_time_slice.o
 .debug_aranges
                0x000004e8       0x20 ./ra/microsoft/azure-rtos/threadx/common/src/tx_thread_timeout.o
 .debug_aranges
                0x00000508       0x20 ./ra/microsoft/azure-rtos/threadx/common/src/tx_timer_expiration_process.o
 .debug_aranges
                0x00000528       0x20 ./ra/microsoft/azure-rtos/threadx/common/src/tx_timer_initialize.o
 .debug_aranges
                0x00000548       0x20 ./ra/microsoft/azure-rtos/threadx/common/src/tx_timer_system_activate.o
 .debug_aranges
                0x00000568       0x20 ./ra/microsoft/azure-rtos/threadx/common/src/tx_timer_system_deactivate.o
 .debug_aranges
                0x00000588       0x20 ./ra/microsoft/azure-rtos/threadx/common/src/txe_event_flags_create.o
 .debug_aranges
                0x000005a8       0x20 ./ra/microsoft/azure-rtos/threadx/common/src/txe_semaphore_create.o
 .debug_aranges
                0x000005c8       0x20 ./ra/microsoft/azure-rtos/threadx/common/src/txe_semaphore_get.o
 .debug_aranges
                0x000005e8       0x20 ./ra/microsoft/azure-rtos/threadx/common/src/txe_semaphore_put.o
 .debug_aranges
                0x00000608       0x20 ./ra/microsoft/azure-rtos/threadx/common/src/txe_thread_create.o
 .debug_aranges
                0x00000628       0x20 ./ra/fsp/src/rm_threadx_port/tx_initialize_low_level.o
 .debug_aranges
                0x00000648       0x20 ./ra/fsp/src/rm_threadx_port/tx_port_wait_thread_ready.o
 .debug_aranges
                0x00000668       0x38 ./ra/fsp/src/rm_threadx_port/tx_thread_schedule.o
 .debug_aranges
                0x000006a0       0x20 ./ra/fsp/src/rm_threadx_port/tx_thread_stack_build.o
 .debug_aranges
                0x000006c0       0x20 ./ra/fsp/src/rm_threadx_port/tx_timer_interrupt.o
 .debug_aranges
                0x000006e0       0x90 ./ra/fsp/src/r_tau_pwm/r_tau_pwm.o
 .debug_aranges